00000000 A _flash_cache_start
3c020020 A _srodata
3c023350 r CSWTCH.34
3c0233bc r __FUNCTION__.0
3c0233cc r g_reasons_str
3c02340c r g_idlename
3c023418 R g_tasklisttable
3c023460 r __FUNCTION__.0
3c023474 r g_noname
3c023480 r devnull_fops
3c0234a0 r devzero_fops
3c0234c0 r g_serialops
3c0234e0 r g_nullstring
3c0234e8 r __FUNCTION__.0
3c0234f8 r __FUNCTION__.1
3c023508 r __FUNCTION__.2
3c023518 r __FUNCTION__.3
3c02352c r __FUNCTION__.4
3c02353c r __FUNCTION__.5
3c023548 r __FUNCTION__.0
3c02355c r g_erasetoeol
3c023560 r __FUNCTION__.0
3c02356c R g_fmtsignalrecvd
3c02358c R g_fmtinternalerror
3c0235a8 R g_fmtcmdoutofmemory
3c0235c0 R g_fmtcmdfailed
3c0235d8 R g_fmtcontext
3c0235fc R g_fmtdeepnesting
3c023618 R g_fmttoomanyargs
3c023638 R g_fmtnosuch
3c023654 R g_fmtcmdnotfound
3c023670 R g_fmtargrange
3c023690 R g_fmtarginvalid
3c0236ac R g_fmtnomatching
3c0236c8 R g_fmtargrequired
3c0236f0 R g_fmtsyntax
3c023708 R g_nshprompt
3c023710 R g_nshgreeting
3c023730 r g_nullstring
3c023734 r g_failure
3c023738 r g_success
3c02373c r g_exitstatus
3c023740 r g_redirect2
3c023744 r g_redirect1
3c023748 r g_line_separator
3c023750 r g_token_separator
3c023754 r g_cmdmap
3c023a04 r g_dd
3c023a08 r g_stacksize
3c023a14 r g_sigmask
3c023a20 r g_scheduler
3c023a2c r g_priority
3c023a38 r g_flags
3c023a40 r g_state
3c023a48 r g_groupid
3c023a50 r g_type
3c023a90 r g_home
3c023a94 r g_oldpwd
3c023a9c r g_pwd
3c023b14 r g_unknown
3c023b38 r g_nonbdfsmap
3c023b48 R procfs_operations
3c023ba8 r g_procfs_entries
3c023c44 r g_ttypenames
3c023c54 r g_statenames
3c023c78 r g_groupinfo
3c023c80 r g_level0info
3c023c90 r g_nodeinfo
3c023ca8 r g_groupfd
3c023cb4 r g_groupstatus
3c023cc0 r g_group
3c023ccc r g_stack
3c023cd8 r g_cmdline
3c023ce4 r g_status
3c023cf0 r g_level0node
3c023cfc R proc_operations
3c023d24 r g_policy
3c023d34 R uptime_operations
3c023d5c R memdump_operations
3c023d84 R meminfo_operations
3c023dac R version_operations
3c023dd4 r CSWTCH.6
3c023de0 r labels.0
3c023de8 R mount_procfsoperations
3c023e10 r g_default_channel_ops
3c023e24 r g_errnomap
3c02421c R g_builtin_count
3c024220 R g_builtins
3c024270 R g_default_pthread_attr
3c02427c r __FUNCTION__.0
3c024290 r __FUNCTION__.1
3c0242a0 r __FUNCTION__.2
3c0242b0 r __FUNCTION__.3
3c0242d4 r __FUNCTION__.4
3c0242e4 r __FUNCTION__.5
3c0242f8 r __FUNCTION__.6
3c02430c r g_ism330dhcx_fops
3c02432c r __FUNCTION__.0
3c02433c r spidrvr_fops
3c02435c r g_bops
3c024378 r CSWTCH.27
3c02437c r CSWTCH.26
3c024380 r __FUNCTION__.0
3c024394 r __FUNCTION__.1
3c0243b0 r __FUNCTION__.2
3c0243c4 r __FUNCTION__.3
3c0243d8 r __FUNCTION__.4
3c0243f0 r __FUNCTION__.5
3c02440c r esp32c3_spi2_ops
3c024430 r esp32c3_spi2_config
3c024468 A __XT_EXCEPTION_TABLE_
3c024468 A __eh_frame
3c02446c A __XT_EXCEPTION_DESCS_
3c02446c A __XT_EXCEPTION_DESCS_END__
3c02446c A _einit
3c02446c A _erodata
3c02446c A _lit4_end
3c02446c A _lit4_start
3c02446c A _sinit
3fc81830 A _sbss
3fc81830 b g_cpuint_map
3fc81850 B g_current_regs
3fc81854 b g_gpio_cpuint
3fc81858 b g_uart0_txbuffer
3fc81958 b g_uart0_rxbuffer
3fc81a58 b ref_counts
3fc81a74 b g_idleargv
3fc81a7c b g_idletcb
3fc81b98 B g_nx_initstate
3fc81b9c B g_npidhash
3fc81ba0 B g_pidhash
3fc81ba4 B g_lastpid
3fc81ba8 B g_inactivetasks
3fc81bb0 B g_waitingformqnotfull
3fc81bb8 B g_waitingformqnotempty
3fc81bc0 B g_waitingforsignal
3fc81bc8 B g_waitingforsemaphore
3fc81bd0 B g_pendingtasks
3fc81bd8 B g_running_tasks
3fc81bdc B g_readytorun
3fc81be4 B g_irqvector
3fc81e8c B g_sigpendingirqsignal
3fc81e94 B g_sigpendingsignal
3fc81e9c B g_sigpendingirqaction
3fc81ea4 B g_sigpendingaction
3fc81eac B g_sigfreeaction
3fc81eb4 B g_wdactivelist
3fc81ebc B g_basetime
3fc81ec4 B g_system_timer
3fc81ec8 b g_errno
3fc81ecc B g_mmheap
3fc81ed0 B g_root_inode
3fc81ed4 B g_procfs_meminfo
3fc81ed8 B g_binfmts
3fc81edc B g_spawn_parms
3fc81ef8 B g_hostname
3fc81f1c b g_ism330dhcx_list
3fc81f20 A _ebss
3fc81f20 B g_intstackalloc
3fc82520 B g_idlestack
3fc82520 B g_intstacktop
3fc82d20 A _sdata
3fc82d20 D g_idle_topstack
3fc82d24 D g_uart0_config
3fc82d3c d g_uart0_dev
3fc82d78 d g_uart_ops
3fc82da8 D g_syslog_mask
3fc82dac d g_inode_sem
3fc82db4 d g_builtin_binfmt
3fc82dc4 D g_spawn_parmsem
3fc82dc8 D g_syslog_channel
3fc82dcc d g_default_channel
3fc82dd0 d g_syslog_default_sem
3fc82dd4 d esp32c3_spi2_priv
3fc82df4 A _edata
3fc82df4 A _sheap
3fc835f4 D __global_pointer$
3fcdf834 A g_coex_param_ptr
3fcdf838 A g_coa_funcs_p
3fcdf83c A coexist_funcs
3fcdf840 A coex_schm_env_ptr
3fcdf844 A coex_pti_tab_ptr
3fcdf848 A coex_env_ptr
3fcdf84c A sta_rxcb
3fcdf850 A mesh_rxcb
3fcdf854 A s_netstack_free
3fcdf858 A g_tx_cacheq_ptr
3fcdf85c A g_hmac_cnt_ptr
3fcdf860 A g_ic_ptr
3fcdf864 A g_chm
3fcdf868 A g_scan
3fcdf86c A net80211_funcs
3fcdf870 A s_encap_amsdu_func
3fcdf874 A g_per_conn_trc
3fcdf8c0 A g_tx_done_cb_func
3fcdf8c4 A wifi_sta_rx_probe_req
3fcdf8c8 A s_michael_mic_failure_cb
3fcdf8cc A g_timer_func
3fcdf8d0 A g_net80211_tx_func
3fcdf8d4 A g_config_func
3fcdf8d8 A g_mesh_is_started_ptr
3fcdf8dc A g_mesh_init_ps_type_ptr
3fcdf8e0 A g_mesh_topology_ptr
3fcdf8e4 A g_mesh_is_root_ptr
3fcdf8e8 A g_mac_sleep_en_ptr
3fcdf8ec A g_txop_queue_status_ptr
3fcdf8f0 A g_esp_mesh_quick_funcs_ptr
3fcdf8f4 A g_pm_cfg_ptr
3fcdf8f8 A g_pm_ptr
3fcdf8fc A g_pm_cnt_ptr
3fcdf900 A trc_ctl_ptr
3fcdf904 A BasicOFDMSched_ptr
3fcdf908 A rcLoRaSchedTbl_ptr
3fcdf90c A rc11NSchedTbl_ptr
3fcdf910 A rc11BSchedTbl_ptr
3fcdf914 A ap_no_lr_ptr
3fcdf918 A xphyQueue
3fcdf91c A g_wifi_menuconfig_ptr
3fcdf920 A s_pp_task_del_sem
3fcdf924 A s_pp_task_create_sem
3fcdf928 A pp_task_hdl
3fcdf92c A s_wifi_queue
3fcdf930 A g_wifi_global_lock
3fcdf934 A g_intr_lock_mux
3fcdf938 A if_ctrl_ptr
3fcdf93c A s_fragment_ptr
3fcdf940 A g_eb_list_desc_ptr
3fcdf944 A pp_sig_cnt_ptr
3fcdf948 A g_lmac_cnt_ptr
3fcdf94c A wDevMacSleep_ptr
3fcdf950 A wDevCtrl_ptr
3fcdf954 A g_osi_funcs_p
3fcdf958 A pp_wdev_funcs
3fcdf95c A our_tx_eb
3fcdf960 A our_wait_eb
3fcdf964 A lmacConfMib_ptr
3fcdf968 A pTxRx
3fcdf96c A sdk_cfg_priv_opts
3fcdf9b4 A privacy_en
3fcdf9b8 A hci_command_handler_tab_esp
3fcdf9d0 A hci_cmd_desc_tab_vs_esp
3fcdf9f4 A g_bt_plf_log_level
3fcdf9f8 A dbg_assert_block
3fcdf9fc A co_default_bdaddr
3fcdfa04 A TASK_DESC_VSHCI
3fcdfa10 A TASK_DESC_LLM
3fcdfa1c A TASK_DESC_LLC
3fcdfa28 A vshci_state
3fcdfa2c A unloaded_area
3fcdfa30 A timer_env
3fcdfa38 A sch_slice_params
3fcdfa40 A sch_slice_env
3fcdfaa0 A sch_prog_env
3fcdfba4 A sch_plan_env
3fcdfbac A sch_arb_env
3fcdfbc0 A sch_alarm_env
3fcdfbc8 A rwip_rf
3fcdfc00 A rwip_prog_delay
3fcdfc04 A rwip_param
3fcdfc10 A rwip_env
3fcdfc2c A rwble_env
3fcdfc34 A rw_sleep_enable
3fcdfc38 A llm_le_adv_flow_env
3fcdfc44 A lld_sync_env
3fcdfc6c A lld_per_adv_env
3fcdfc94 A lld_exp_sync_pos_tab
3fcdfc9c A lld_con_env
3fcdfcc4 A lld_adv_env
3fcdfcec A llc_env
3fcdfd14 A ke_task_env
3fcdfd90 A ke_event_env
3fcdfdd0 A ke_env
3fcdfe00 A hci_tl_env
3fcdfe2c A hci_fc_env
3fcdfe34 A hci_ext_host
3fcdfe38 A hci_env
3fcdfe5c A h4tl_env
3fcdfe84 A g_time_msb
3fcdfe85 A g_scan_forever
3fcdfe88 A g_rtp_rule_db
3fcdfea4 A g_rma_rule_db
3fcdfec0 A g_misc_state
3fcdfec4 A g_max_evt_env
3fcdfec8 A g_llm_state
3fcdfecc A g_llc_state
3fcdfed8 A g_event_empty
3fcdfee4 A g_eif_api
3fcdfef4 A g_conflict_elt
3fcdfef8 A g_adv_delay_dis
3fcdfefc A esp_vendor_cmd
3fcdff04 A esp_handler
3fcdff0c A ecc_env
3fcdff14 A btdm_slp_err
3fcdff18 A btdm_pwr_state
3fcdff1c A bt_rf_coex_cfg_cb
3fcdff6c A aes_env
3fcdff78 A aa_gen
3fcdff7c A vhci_env_p
3fcdff80 A r_plf_funcs_p
3fcdff84 A r_osi_funcs_p
3fcdff88 A r_modules_funcs_p
3fcdff8c A r_ip_funcs_p
3fcdff90 A r_hli_funcs_p
3fcdff94 A r_h4tl_eif_p
3fcdff98 A p_llm_env
3fcdff9c A p_lld_env
3fcdffa0 A p_ble_util_buf_env
3fcdffa4 A lld_test_env
3fcdffa8 A lld_scan_sync_env
3fcdffac A lld_scan_env
3fcdffb0 A lld_rpa_renew_env
3fcdffb4 A lld_init_env
3fcdffb8 A g_rw_schd_queue
3fcdffbc A g_rw_init_sem
3fcdffc0 A g_rw_controller_task_handle
3fcdffc4 A btdm_env_p
3fcdffc8 A bt_rf_coex_hooks_p
3fcdffcc A bt_rf_coex_cfg_p
3fcdfffc A ets_ops_table_ptr
3ff1ee3c A our_controls_ptr
3ff1ee40 A g_wdev_last_desc_reset_ptr
3ff1ee44 A our_instances_ptr
3ff1ee48 A veryBigHexP256
3ff1ee94 A rwip_priority
3ff1eeac A rwip_coex_cfg
3ff1eeb4 A one_bits
3ff1eec4 A max_data_tx_time
3ff1eecc A maxSecretKey_256
3ff1eeec A llm_local_supp_cmds
3ff1ef14 A llm_local_le_states
3ff1ef1c A llm_local_le_feats
3ff1ef24 A lld_sync_max_aux_dur_tab
3ff1ef2c A lld_scan_max_aux_dur_tab
3ff1ef34 A lld_scan_map_legacy_pdu_to_evt_type
3ff1ef3c A lld_init_max_aux_dur_tab
3ff1ef44 A lld_aux_phy_to_rate
3ff1ef48 A hci_rsvd_evt_msk
3ff1ef50 A hci_evt_le_desc_tab_esp
3ff1ef58 A hci_evt_le_desc_tab
3ff1eff8 A hci_evt_desc_tab
3ff1f040 A hci_cmd_desc_tab_vs
3ff1f07c A hci_cmd_desc_tab_stat_par
3ff1f088 A hci_cmd_desc_tab_lk_ctrl
3ff1f0a0 A hci_cmd_desc_tab_le
3ff1f43c A hci_cmd_desc_tab_info_par
3ff1f46c A hci_cmd_desc_tab_ctrl_bb
3ff1f4d8 A hci_cmd_desc_root_tab
3ff1f508 A h4tl_msgtype2hdrlen
3ff1f510 A fixed_tx_time
3ff1f518 A em_base_reg_lut
3ff1f5e4 A ecc_Jacobian_InfinityPoint256
3ff1f668 A connect_req_dur_tab
3ff1f670 A coef_B
3ff1f69c A co_sca2ppm
3ff1f6ac A co_rate_to_phy_mask
3ff1f6b0 A co_rate_to_phy
3ff1f6b8 A co_rate_to_byte_dur_us
3ff1f6c0 A co_phy_value_to_mask
3ff1f6c4 A co_phy_to_rate
3ff1f6c8 A co_phy_mask_to_value
3ff1f6d0 A co_phy_mask_to_rate
3ff1f6d8 A co_null_bdaddr
3ff1f6e0 A byte_tx_time
3ff1f6e8 A bigHexP256
3ff1f714 A aes_k4_salt
3ff1f724 A aes_k4_id6
3ff1f728 A aes_k3_salt
3ff1f738 A aes_k3_id64
3ff1f740 A aes_k2_salt
3ff1f750 A aes_cmac_zero
3ff1f760 A adv_evt_type2prop
3ff1f768 A adv_evt_prop2type
3ff1f784 A TASK_DESC_MISC
3ff1f790 A RF_TX_PW_CONV_TBL
3ff1f798 A LLM_AA_CT2
3ff1f79c A LLM_AA_CT1
3ff1f7a0 A ECC_4Win_Look_up_table
3ff1ff5c A DebugE256SecretKey
3ff1ff7c A DebugE256PublicKey_y
3ff1ff9c A DebugE256PublicKey_x
3ff1ffbc A BasePoint_y_256
3ff1ffdc A BasePoint_x_256
3ff1fffc A ets_rom_layout_p
40000018 A rtc_get_reset_reason
4000001c A analog_super_wdt_reset_happened
40000020 A jtag_cpu_reset_happened
40000024 A rtc_get_wakeup_cause
40000028 A rtc_boot_control
4000002c A rtc_select_apb_bridge
40000030 A rtc_unhold_all_pads
40000034 A set_rtc_memory_crc
40000038 A cacl_rtc_memory_crc
4000003c A ets_is_print_boot
40000040 A ets_printf
40000044 A ets_install_putc1
40000048 A ets_install_uart_printf
4000004c A ets_install_putc2
40000050 A esp_rom_delay_us
40000050 A ets_delay_us
40000054 A ets_get_stack_info
40000058 A ets_install_lock
4000005c A ets_backup_dma_copy
40000060 A ets_apb_backup_init_lock_func
40000064 A UartRxString
40000068 A uart_tx_one_char
4000006c A uart_tx_one_char2
40000070 A uart_rx_one_char
40000074 A uart_rx_one_char_block
40000078 A uart_rx_readbuff
4000007c A uartAttach
40000080 A uart_tx_flush
40000084 A uart_tx_wait_idle
40000088 A uart_div_modify
4000008c A multofup
40000090 A software_reset
40000094 A software_reset_cpu
40000098 A assist_debug_clock_enable
4000009c A assist_debug_record_enable
400000a0 A clear_super_wdt_reset_flag
400000a4 A disable_default_watchdog
400000a8 A send_packet
400000ac A recv_packet
400000b0 A GetUartDevice
400000b4 A UartDwnLdProc
400000b8 A Uart_Init
400000bc A ets_set_user_start
400000c0 A mz_adler32
400000c4 A mz_crc32
400000c8 A mz_free
400000cc A tdefl_compress
400000d0 A tdefl_compress_buffer
400000d4 A tdefl_compress_mem_to_heap
400000d8 A tdefl_compress_mem_to_mem
400000dc A tdefl_compress_mem_to_output
400000e0 A tdefl_get_adler32
400000e4 A tdefl_get_prev_return_status
400000e8 A tdefl_init
400000ec A tdefl_write_image_to_png_file_in_memory
400000f0 A tdefl_write_image_to_png_file_in_memory_ex
400000f4 A tinfl_decompress
400000f8 A tinfl_decompress_mem_to_callback
400000fc A tinfl_decompress_mem_to_heap
40000100 A tinfl_decompress_mem_to_mem
40000104 A jd_prepare
40000108 A jd_decomp
40000354 A memset
40000358 A memcpy
4000035c A memmove
40000360 A memcmp
40000364 A strcpy
40000368 A strncpy
4000036c A strcmp
40000370 A strncmp
40000374 A strlen
40000378 A strstr
4000037c A bzero
400003c4 A memccpy
400003c8 A memchr
400003cc A memrchr
400003e0 A strchr
400003f0 A strlcpy
40000404 A strnlen
40000580 A ets_get_apb_freq
40000584 A ets_get_cpu_frequency
40000588 A ets_update_cpu_frequency
4000058c A ets_get_printf_channel
40000590 A ets_get_xtal_div
40000594 A ets_set_xtal_div
40000598 A ets_get_xtal_freq
4000059c A gpio_input_get
400005a0 A gpio_matrix_in
400005a4 A gpio_matrix_out
400005a8 A gpio_output_disable
400005ac A gpio_output_enable
400005b0 A gpio_output_set
400005b4 A gpio_pad_hold
400005b8 A gpio_pad_input_disable
400005bc A gpio_pad_input_enable
400005c0 A gpio_pad_pulldown
400005c4 A gpio_pad_pullup
400005c8 A gpio_pad_select_gpio
400005cc A gpio_pad_set_drv
400005d0 A gpio_pad_unhold
400005d4 A gpio_pin_wakeup_disable
400005d8 A gpio_pin_wakeup_enable
400005dc A gpio_bypass_matrix_in
400005e0 A esprv_intc_int_set_priority
400005e4 A esprv_intc_int_set_threshold
400005e8 A esprv_intc_int_enable
400005ec A esprv_intc_int_disable
400005f0 A esprv_intc_int_set_type
400005f4 A intr_matrix_set
400005f8 A ets_intr_lock
400005fc A ets_intr_unlock
40000604 A ets_isr_attach
40000608 A ets_isr_mask
4000060c A ets_isr_unmask
40000610 A md5_vector
40000614 A MD5Init
40000618 A MD5Update
4000061c A MD5Final
40000620 A hmac_md5_vector
40000624 A hmac_md5
40000628 A crc32_le
4000062c A crc32_be
40000630 A crc16_le
40000634 A crc16_be
40000638 A crc8_le
4000063c A crc8_be
40000640 A esp_crc8
40000644 A ets_sha_enable
40000648 A ets_sha_disable
4000064c A ets_sha_get_state
40000650 A ets_sha_init
40000654 A ets_sha_process
40000658 A ets_sha_starts
4000065c A ets_sha_update
40000660 A ets_sha_finish
40000664 A ets_sha_clone
40000668 A ets_hmac_enable
4000066c A ets_hmac_disable
40000670 A ets_hmac_calculate_message
40000674 A ets_hmac_calculate_downstream
40000678 A ets_hmac_invalidate_downstream
4000067c A ets_jtag_enable_temporarily
40000680 A ets_aes_enable
40000684 A ets_aes_disable
40000688 A ets_aes_setkey
4000068c A ets_aes_block
40000690 A ets_bigint_enable
40000694 A ets_bigint_disable
40000698 A ets_bigint_multiply
4000069c A ets_bigint_modmult
400006a0 A ets_bigint_modexp
400006a4 A ets_bigint_wait_finish
400006a8 A ets_bigint_getz
400006ac A ets_ds_enable
400006b0 A ets_ds_disable
400006b4 A ets_ds_start_sign
400006b8 A ets_ds_is_busy
400006bc A ets_ds_finish_sign
400006c0 A ets_ds_encrypt_params
400006c4 A ets_aes_setkey_dec
400006c8 A ets_aes_setkey_enc
400006cc A ets_mgf1_sha256
400006d0 A ets_efuse_read
400006d4 A ets_efuse_program
400006d8 A ets_efuse_clear_program_registers
400006dc A ets_efuse_write_key
400006e0 A ets_efuse_get_read_register_address
400006e4 A ets_efuse_get_key_purpose
400006e8 A ets_efuse_key_block_unused
400006ec A ets_efuse_find_unused_key_block
400006f0 A ets_efuse_rs_calculate
400006f4 A ets_efuse_count_unused_key_blocks
400006f8 A ets_efuse_secure_boot_enabled
400006fc A ets_efuse_secure_boot_aggressive_revoke_enabled
40000700 A ets_efuse_cache_encryption_enabled
40000704 A ets_efuse_download_modes_disabled
40000708 A ets_efuse_find_purpose
4000070c A ets_efuse_flash_opi_5pads_power_sel_vddspi
40000710 A ets_efuse_force_send_resume
40000714 A ets_efuse_get_flash_delay_us
40000718 A ets_efuse_get_mac
4000071c A ets_efuse_get_spiconfig
40000720 A ets_efuse_usb_print_is_disabled
40000724 A ets_efuse_get_uart_print_channel
40000728 A ets_efuse_get_uart_print_control
4000072c A ets_efuse_get_wp_pad
40000730 A ets_efuse_legacy_spi_boot_mode_disabled
40000734 A ets_efuse_security_download_modes_enabled
40000738 A ets_efuse_set_timing
4000073c A ets_efuse_jtag_disabled
40000740 A ets_efuse_usb_download_mode_disabled
40000744 A ets_efuse_usb_module_disabled
40000748 A ets_efuse_usb_device_disabled
4000074c A ets_emsa_pss_verify
40000750 A ets_rsa_pss_verify
40000754 A ets_secure_boot_verify_bootloader_with_keys
40000758 A ets_secure_boot_verify_signature
4000075c A ets_secure_boot_read_key_digests
40000760 A ets_secure_boot_revoke_public_key_digest
40000764 A __absvdi2
40000768 A __absvsi2
4000076c A __adddf3
40000770 A __addsf3
40000774 A __addvdi3
40000778 A __addvsi3
4000077c A __ashldi3
40000780 A __ashrdi3
40000784 A __bswapdi2
40000788 A __bswapsi2
4000078c A __clear_cache
40000790 A __clrsbdi2
40000794 A __clrsbsi2
40000798 A __clzdi2
4000079c A __clzsi2
400007a0 A __cmpdi2
400007a4 A __ctzdi2
400007a8 A __ctzsi2
400007ac A __divdc3
400007b0 A __divdf3
400007b4 A __divdi3
400007b8 A __divsc3
400007bc A __divsf3
400007c0 A __divsi3
400007c4 A __eqdf2
400007c8 A __eqsf2
400007cc A __extendsfdf2
400007d0 A __ffsdi2
400007d4 A __ffssi2
400007d8 A __fixdfdi
400007dc A __fixdfsi
400007e0 A __fixsfdi
400007e4 A __fixsfsi
400007e8 A __fixunsdfsi
400007ec A __fixunssfdi
400007f0 A __fixunssfsi
400007f4 A __floatdidf
400007f8 A __floatdisf
400007fc A __floatsidf
40000800 A __floatsisf
40000804 A __floatundidf
40000808 A __floatundisf
4000080c A __floatunsidf
40000810 A __floatunsisf
40000814 A __gcc_bcmp
40000818 A __gedf2
4000081c A __gesf2
40000820 A __gtdf2
40000824 A __gtsf2
40000828 A __ledf2
4000082c A __lesf2
40000830 A __lshrdi3
40000834 A __ltdf2
40000838 A __ltsf2
4000083c A __moddi3
40000840 A __modsi3
40000844 A __muldc3
40000848 A __muldf3
4000084c A __muldi3
40000850 A __mulsc3
40000854 A __mulsf3
40000858 A __mulsi3
4000085c A __mulvdi3
40000860 A __mulvsi3
40000864 A __nedf2
40000868 A __negdf2
4000086c A __negdi2
40000870 A __negsf2
40000874 A __negvdi2
40000878 A __negvsi2
4000087c A __nesf2
40000880 A __paritysi2
40000884 A __popcountdi2
40000888 A __popcountsi2
4000088c A __powidf2
40000890 A __powisf2
40000894 A __subdf3
40000898 A __subsf3
4000089c A __subvdi3
400008a0 A __subvsi3
400008a4 A __truncdfsf2
400008a8 A __ucmpdi2
400008ac A __udivdi3
400008b0 A __udivmoddi4
400008b4 A __udivsi3
400008b8 A __udiv_w_sdiv
400008bc A __umoddi3
400008c0 A __umodsi3
400008c4 A __unorddf2
400008c8 A __unordsf2
400008dc A bt_rf_coex_get_dft_cfg
400008e0 A bt_rf_coex_hooks_p_set
400008e4 A btdm_con_maxevtime_cal_impl
400008e8 A btdm_controller_get_compile_version_impl
400008ec A btdm_controller_rom_data_init
400008f0 A btdm_dis_privacy_err_report_impl
400008f4 A btdm_disable_adv_delay_impl
400008f8 A btdm_enable_scan_continue_impl
400008fc A btdm_enable_scan_forever_impl
40000900 A btdm_get_power_state_impl
40000904 A btdm_get_prevent_sleep_flag_impl
40000908 A btdm_power_state_active_impl
4000090c A btdm_switch_phy_coded_impl
40000910 A hci_acl_data_handler
40000914 A hci_disconnect_cmd_handler
40000918 A hci_le_con_upd_cmd_handler
4000091c A hci_le_ltk_req_neg_reply_cmd_handler
40000920 A hci_le_ltk_req_reply_cmd_handler
40000924 A hci_le_rd_chnl_map_cmd_handler
40000928 A hci_le_rd_phy_cmd_handler
4000092c A hci_le_rd_rem_feats_cmd_handler
40000930 A hci_le_rem_con_param_req_neg_reply_cmd_handler
40000934 A hci_le_rem_con_param_req_reply_cmd_handler
40000938 A hci_le_set_data_len_cmd_handler
4000093c A hci_le_set_phy_cmd_handler
40000940 A hci_le_start_enc_cmd_handler
40000944 A hci_rd_auth_payl_to_cmd_handler
40000948 A hci_rd_rem_ver_info_cmd_handler
4000094c A hci_rd_rssi_cmd_handler
40000950 A hci_rd_tx_pwr_lvl_cmd_handler
40000954 A hci_vs_set_pref_slave_evt_dur_cmd_handler
40000958 A hci_vs_set_pref_slave_latency_cmd_handler
4000095c A hci_wr_auth_payl_to_cmd_handler
40000960 A ll_channel_map_ind_handler
40000964 A ll_connection_param_req_handler
40000968 A ll_connection_param_rsp_handler
4000096c A ll_connection_update_ind_handler
40000970 A ll_enc_req_handler
40000974 A ll_enc_rsp_handler
40000978 A ll_feature_req_handler
4000097c A ll_feature_rsp_handler
40000980 A ll_length_req_handler
40000984 A ll_length_rsp_handler
40000988 A ll_min_used_channels_ind_handler
4000098c A ll_pause_enc_req_handler
40000990 A ll_pause_enc_rsp_handler
40000994 A ll_phy_req_handler
40000998 A ll_phy_rsp_handler
4000099c A ll_phy_update_ind_handler
400009a0 A ll_ping_req_handler
400009a4 A ll_ping_rsp_handler
400009a8 A ll_slave_feature_req_handler
400009ac A ll_start_enc_req_handler
400009b0 A ll_start_enc_rsp_handler
400009b4 A ll_terminate_ind_handler
400009b8 A ll_version_ind_handler
400009bc A llc_auth_payl_nearly_to_handler
400009c0 A llc_auth_payl_real_to_handler
400009c4 A llc_encrypt_ind_handler
400009c8 A llc_hci_command_handler_wrapper
400009cc A llc_ll_connection_param_req_pdu_send
400009d0 A llc_ll_connection_param_rsp_pdu_send
400009d4 A llc_ll_connection_update_ind_pdu_send
400009d8 A llc_ll_enc_req_pdu_send
400009dc A llc_ll_enc_rsp_pdu_send
400009e0 A llc_ll_feature_req_pdu_send
400009e4 A llc_ll_feature_rsp_pdu_send
400009e8 A llc_ll_length_req_pdu_send
400009ec A llc_ll_length_rsp_pdu_send
400009f0 A llc_ll_pause_enc_req_pdu_send
400009f4 A llc_ll_pause_enc_rsp_pdu_send
400009f8 A llc_ll_phy_req_pdu_send
400009fc A llc_ll_phy_rsp_pdu_send
40000a00 A llc_ll_ping_req_pdu_send
40000a04 A llc_ll_ping_rsp_pdu_send
40000a08 A llc_ll_start_enc_req_pdu_send
40000a0c A llc_ll_start_enc_rsp_pdu_send
40000a10 A llc_ll_terminate_ind_pdu_send
40000a14 A llc_ll_unknown_rsp_pdu_send
40000a18 A llc_llcp_ch_map_update_ind_pdu_send
40000a1c A llc_llcp_phy_upd_ind_pdu_send
40000a20 A llc_llcp_version_ind_pdu_send
40000a24 A llc_op_ch_map_upd_ind_handler
40000a28 A llc_op_con_upd_ind_handler
40000a2c A llc_op_disconnect_ind_handler
40000a30 A llc_op_dl_upd_ind_handler
40000a34 A llc_op_encrypt_ind_handler
40000a38 A llc_op_feats_exch_ind_handler
40000a3c A llc_op_le_ping_ind_handler
40000a40 A llc_op_phy_upd_ind_handler
40000a44 A llc_op_ver_exch_ind_handler
40000a48 A llc_stopped_ind_handler
40000a4c A lld_acl_rx_ind_handler
40000a50 A lld_acl_tx_cfm_handler
40000a54 A lld_adv_end_ind_handler
40000a58 A lld_adv_rep_ind_handler
40000a5c A lld_ch_map_upd_cfm_handler
40000a60 A lld_con_estab_ind_handler
40000a64 A lld_con_evt_sd_evt_time_set
40000a68 A lld_con_offset_upd_ind_handler
40000a6c A lld_con_param_upd_cfm_handler
40000a70 A lld_disc_ind_handler
40000a74 A lld_init_end_ind_handler
40000a78 A lld_llcp_rx_ind_handler_wrapper
40000a7c A lld_llcp_tx_cfm_handler
40000a80 A lld_per_adv_end_ind_handler
40000a84 A lld_per_adv_rep_ind_handler
40000a88 A lld_per_adv_rx_end_ind_handler
40000a8c A lld_phy_coded_500k_get
40000a90 A lld_phy_upd_cfm_handler
40000a94 A lld_scan_end_ind_handler
40000a98 A lld_scan_req_ind_handler
40000a9c A lld_sync_start_req_handler
40000aa0 A lld_test_end_ind_handler
40000aa4 A lld_update_rxbuf_handler
40000aa8 A llm_ch_map_update_ind_handler
40000aac A llm_hci_command_handler_wrapper
40000ab0 A llm_scan_period_to_handler
40000ab4 A r_Add2SelfBigHex256
40000ab8 A r_AddBigHex256
40000abc A r_AddBigHexModP256
40000ac0 A r_AddP256
40000ac4 A r_AddPdiv2_256
40000ac8 A r_GF_Jacobian_Point_Addition256
40000acc A r_GF_Jacobian_Point_Double256
40000ad0 A r_GF_Point_Jacobian_To_Affine256
40000ad4 A r_MultiplyBigHexByUint32_256
40000ad8 A r_MultiplyBigHexModP256
40000adc A r_MultiplyByU16ModP256
40000ae0 A r_SubtractBigHex256
40000ae4 A r_SubtractBigHexMod256
40000ae8 A r_SubtractBigHexUint32_256
40000aec A r_SubtractFromSelfBigHex256
40000af0 A r_SubtractFromSelfBigHexSign256
40000af4 A r_aes_alloc
40000af8 A r_aes_ccm_continue
40000afc A r_aes_ccm_process_e
40000b00 A r_aes_ccm_xor_128_lsb
40000b04 A r_aes_ccm_xor_128_msb
40000b08 A r_aes_cmac_continue
40000b0c A r_aes_cmac_start
40000b10 A r_aes_k1_continue
40000b14 A r_aes_k2_continue
40000b18 A r_aes_k3_continue
40000b1c A r_aes_k4_continue
40000b20 A r_aes_shift_left_128
40000b24 A r_aes_start
40000b28 A r_aes_xor_128
40000b2c A r_assert_err
40000b30 A r_assert_param
40000b34 A r_assert_warn
40000b38 A r_bigHexInversion256
40000b3c A r_ble_sw_cca_check_isr
40000b40 A r_ble_util_buf_acl_tx_alloc
40000b44 A r_ble_util_buf_acl_tx_elt_get
40000b48 A r_ble_util_buf_acl_tx_free
40000b4c A r_ble_util_buf_acl_tx_free_in_isr
40000b50 A r_ble_util_buf_adv_tx_alloc
40000b54 A r_ble_util_buf_adv_tx_free
40000b58 A r_ble_util_buf_adv_tx_free_in_isr
40000b5c A r_ble_util_buf_env_deinit
40000b60 A r_ble_util_buf_env_init
40000b64 A r_ble_util_buf_get_rx_buf_nb
40000b68 A r_ble_util_buf_get_rx_buf_size
40000b6c A r_ble_util_buf_llcp_tx_alloc
40000b70 A r_ble_util_buf_llcp_tx_free
40000b74 A r_ble_util_buf_rx_alloc
40000b78 A r_ble_util_buf_rx_alloc_in_isr
40000b7c A r_ble_util_buf_rx_free
40000b80 A r_ble_util_buf_rx_free_in_isr
40000b84 A r_ble_util_buf_set_rx_buf_nb
40000b88 A r_ble_util_buf_set_rx_buf_size
40000b8c A r_ble_util_data_rx_buf_reset
40000b90 A r_bt_bb_get_intr_mask
40000b94 A r_bt_bb_intr_clear
40000b98 A r_bt_bb_intr_mask_set
40000b9c A r_bt_bb_isr
40000ba0 A r_bt_rf_coex_cfg_set
40000ba4 A r_bt_rf_coex_conn_dynamic_pti_en_get
40000ba8 A r_bt_rf_coex_conn_phy_coded_data_time_limit_en_get
40000bac A r_bt_rf_coex_ext_adv_dynamic_pti_en_get
40000bb0 A r_bt_rf_coex_ext_scan_dynamic_pti_en_get
40000bb4 A r_bt_rf_coex_legacy_adv_dynamic_pti_en_get
40000bb8 A r_bt_rf_coex_per_adv_dynamic_pti_en_get
40000bbc A r_bt_rf_coex_pti_table_get
40000bc0 A r_bt_rf_coex_st_param_get
40000bc4 A r_bt_rf_coex_st_param_set
40000bc8 A r_bt_rf_coex_sync_scan_dynamic_pti_en_get
40000bcc A r_bt_rma_apply_rule_cs_fmt
40000bd0 A r_bt_rma_apply_rule_cs_idx
40000bd4 A r_bt_rma_configure
40000bd8 A r_bt_rma_deregister_rule_cs_fmt
40000bdc A r_bt_rma_deregister_rule_cs_idx
40000be0 A r_bt_rma_get_ant_by_act
40000be4 A r_bt_rma_init
40000be8 A r_bt_rma_register_rule_cs_fmt
40000bec A r_bt_rma_register_rule_cs_idx
40000bf0 A r_bt_rtp_apply_rule_cs_fmt
40000bf4 A r_bt_rtp_apply_rule_cs_idx
40000bf8 A r_bt_rtp_deregister_rule_cs_fmt
40000bfc A r_bt_rtp_deregister_rule_cs_idx
40000c00 A r_bt_rtp_get_txpwr_idx_by_act
40000c04 A r_bt_rtp_init
40000c08 A r_bt_rtp_register_rule_cs_fmt
40000c0c A r_bt_rtp_register_rule_cs_idx
40000c10 A r_btdm_isr
40000c14 A r_btdm_task_post
40000c18 A r_btdm_task_post_from_isr
40000c1c A r_btdm_task_recycle
40000c20 A r_cali_phase_match_p
40000c24 A r_cmp_abs_time
40000c28 A r_cmp_dest_id
40000c2c A r_cmp_timer_id
40000c30 A r_co_bdaddr_compare
40000c34 A r_co_ble_pkt_dur_in_us
40000c38 A r_co_list_extract
40000c3c A r_co_list_extract_after
40000c40 A r_co_list_extract_sublist
40000c44 A r_co_list_find
40000c48 A r_co_list_init
40000c4c A r_co_list_insert_after
40000c50 A r_co_list_insert_before
40000c54 A r_co_list_merge
40000c58 A r_co_list_pool_init
40000c5c A r_co_list_pop_front
40000c60 A r_co_list_push_back
40000c64 A r_co_list_push_back_sublist
40000c68 A r_co_list_push_front
40000c6c A r_co_list_size
40000c70 A r_co_nb_good_le_channels
40000c74 A r_co_util_pack
40000c78 A r_co_util_read_array_size
40000c7c A r_co_util_unpack
40000c80 A r_dbg_env_deinit
40000c84 A r_dbg_env_init
40000c88 A r_dbg_platform_reset_complete
40000c8c A r_dl_upd_proc_start
40000c90 A r_dump_data
40000c94 A r_ecc_abort_key256_generation
40000c98 A r_ecc_gen_new_public_key
40000c9c A r_ecc_gen_new_secret_key
40000ca0 A r_ecc_generate_key256
40000ca4 A r_ecc_get_debug_Keys
40000ca8 A r_ecc_init
40000cac A r_ecc_is_valid_point
40000cb0 A r_ecc_multiplication_event_handler
40000cb4 A r_ecc_point_multiplication_win_256
40000cb8 A r_emi_alloc_em_mapping_by_offset
40000cbc A r_emi_base_reg_lut_show
40000cc0 A r_emi_em_base_reg_show
40000cc4 A r_emi_free_em_mapping_by_offset
40000cc8 A r_emi_get_em_mapping_idx_by_offset
40000ccc A r_emi_get_mem_addr_by_offset
40000cd0 A r_emi_overwrite_em_mapping_by_offset
40000cd4 A r_esp_vendor_hci_command_handler
40000cd8 A r_get_stack_usage
40000cdc A r_h4tl_acl_hdr_rx_evt_handler
40000ce0 A r_h4tl_cmd_hdr_rx_evt_handler
40000ce4 A r_h4tl_cmd_pld_rx_evt_handler
40000ce8 A r_h4tl_eif_io_event_post
40000cec A r_h4tl_eif_register
40000cf0 A r_h4tl_init
40000cf4 A r_h4tl_out_of_sync
40000cf8 A r_h4tl_out_of_sync_check
40000cfc A r_h4tl_read_hdr
40000d00 A r_h4tl_read_next_out_of_sync
40000d04 A r_h4tl_read_payl
40000d08 A r_h4tl_read_start
40000d0c A r_h4tl_rx_acl_hdr_extract
40000d10 A r_h4tl_rx_cmd_hdr_extract
40000d14 A r_h4tl_rx_done
40000d18 A r_h4tl_start
40000d1c A r_h4tl_stop
40000d20 A r_h4tl_tx_done
40000d24 A r_h4tl_tx_evt_handler
40000d28 A r_h4tl_write
40000d2c A r_hci_acl_tx_data_alloc
40000d30 A r_hci_acl_tx_data_received
40000d34 A r_hci_basic_cmd_send_2_controller
40000d38 A r_hci_ble_adv_report_filter_check
40000d3c A r_hci_ble_adv_report_tx_check
40000d40 A r_hci_ble_conhdl_register
40000d44 A r_hci_ble_conhdl_unregister
40000d48 A r_hci_build_acl_data
40000d4c A r_hci_build_cc_evt
40000d50 A r_hci_build_cs_evt
40000d54 A r_hci_build_evt
40000d58 A r_hci_build_le_evt
40000d5c A r_hci_cmd_get_max_param_size
40000d60 A r_hci_cmd_received
40000d64 A r_hci_cmd_reject
40000d68 A r_hci_evt_mask_check
40000d6c A r_hci_evt_mask_set
40000d70 A r_hci_fc_acl_buf_size_set
40000d74 A r_hci_fc_acl_en
40000d78 A r_hci_fc_acl_packet_sent
40000d7c A r_hci_fc_check_host_available_nb_acl_packets
40000d80 A r_hci_fc_host_nb_acl_pkts_complete
40000d84 A r_hci_fc_init
40000d88 A r_hci_look_for_cmd_desc
40000d8c A r_hci_look_for_evt_desc
40000d90 A r_hci_look_for_le_evt_desc
40000d94 A r_hci_look_for_le_evt_desc_esp
40000d98 A r_hci_pack_bytes
40000d9c A r_hci_register_vendor_desc_tab
40000da0 A r_hci_send_2_controller
40000da4 A r_hci_send_2_host
40000da8 A r_hci_tl_c2h_data_flow_on
40000dac A r_hci_tl_cmd_hdr_rx_evt_handler
40000db0 A r_hci_tl_cmd_pld_rx_evt_handler
40000db4 A r_hci_tl_get_pkt
40000db8 A r_hci_tl_hci_pkt_handler
40000dbc A r_hci_tl_hci_tx_done_evt_handler
40000dc0 A r_hci_tl_inc_nb_h2c_cmd_pkts
40000dc4 A r_hci_tl_save_pkt
40000dc8 A r_hci_tl_send
40000dcc A r_hci_tx_done
40000dd0 A r_hci_tx_start
40000dd4 A r_hci_tx_trigger
40000dd8 A r_isValidSecretKey_256
40000ddc A r_ke_check_malloc
40000de0 A r_ke_event_callback_set
40000de4 A r_ke_event_clear
40000de8 A r_ke_event_flush
40000dec A r_ke_event_get
40000df0 A r_ke_event_get_all
40000df4 A r_ke_event_init
40000df8 A r_ke_event_schedule
40000dfc A r_ke_event_set
40000e00 A r_ke_flush
40000e04 A r_ke_free
40000e08 A r_ke_handler_search
40000e0c A r_ke_init
40000e10 A r_ke_is_free
40000e14 A r_ke_malloc
40000e18 A r_ke_mem_init
40000e1c A r_ke_mem_is_empty
40000e20 A r_ke_mem_is_in_heap
40000e24 A r_ke_msg_alloc
40000e28 A r_ke_msg_dest_id_get
40000e2c A r_ke_msg_discard
40000e30 A r_ke_msg_forward
40000e34 A r_ke_msg_forward_new_id
40000e38 A r_ke_msg_free
40000e3c A r_ke_msg_in_queue
40000e40 A r_ke_msg_save
40000e44 A r_ke_msg_send
40000e48 A r_ke_msg_send_basic
40000e4c A r_ke_msg_src_id_get
40000e50 A r_ke_queue_extract
40000e54 A r_ke_queue_insert
40000e58 A r_ke_sleep_check
40000e5c A r_ke_state_get
40000e60 A r_ke_state_set
40000e64 A r_ke_task_check
40000e68 A r_ke_task_create
40000e6c A r_ke_task_delete
40000e70 A r_ke_task_handler_get
40000e74 A r_ke_task_init
40000e78 A r_ke_task_msg_flush
40000e7c A r_ke_task_saved_update
40000e80 A r_ke_task_schedule
40000e84 A r_ke_time
40000e88 A r_ke_time_cmp
40000e8c A r_ke_time_past
40000e90 A r_ke_timer_active
40000e94 A r_ke_timer_adjust_all
40000e98 A r_ke_timer_clear
40000e9c A r_ke_timer_init
40000ea0 A r_ke_timer_schedule
40000ea4 A r_ke_timer_set
40000ea8 A r_led_init
40000eac A r_led_set_all
40000eb0 A r_llc_aes_res_cb
40000eb4 A r_llc_ch_map_up_proc_err_cb
40000eb8 A r_llc_cleanup
40000ebc A r_llc_cmd_cmp_send
40000ec0 A r_llc_cmd_stat_send
40000ec4 A r_llc_con_move_cbk
40000ec8 A r_llc_con_plan_set_update
40000ecc A r_llc_con_upd_param_in_range
40000ed0 A r_llc_disconnect
40000ed4 A r_llc_disconnect_end
40000ed8 A r_llc_disconnect_proc_continue
40000edc A r_llc_disconnect_proc_err_cb
40000ee0 A r_llc_dl_chg_check
40000ee4 A r_llc_dle_proc_err_cb
40000ee8 A r_llc_feats_exch_proc_err_cb
40000eec A r_llc_hci_cmd_handler_tab_p_get
40000ef0 A r_llc_hci_command_handler
40000ef4 A r_llc_hci_con_param_req_evt_send
40000ef8 A r_llc_hci_con_upd_info_send
40000efc A r_llc_hci_disconnected_dis
40000f00 A r_llc_hci_dl_upd_info_send
40000f04 A r_llc_hci_enc_evt_send
40000f08 A r_llc_hci_feats_info_send
40000f0c A r_llc_hci_le_phy_upd_cmp_evt_send
40000f10 A r_llc_hci_ltk_request_evt_send
40000f14 A r_llc_hci_nb_cmp_pkts_evt_send
40000f18 A r_llc_hci_version_info_send
40000f1c A r_llc_init_term_proc
40000f20 A r_llc_iv_skd_rand_gen
40000f24 A r_llc_le_ping_proc_continue
40000f28 A r_llc_le_ping_proc_err_cb
40000f2c A r_llc_le_ping_restart
40000f30 A r_llc_le_ping_set
40000f34 A r_llc_ll_pause_enc_rsp_ack_handler
40000f38 A r_llc_ll_reject_ind_ack_handler
40000f3c A r_llc_ll_reject_ind_pdu_send
40000f40 A r_llc_ll_start_enc_rsp_ack_handler
40000f44 A r_llc_ll_terminate_ind_ack
40000f48 A r_llc_ll_unknown_ind_handler
40000f4c A r_llc_llcp_send
40000f50 A r_llc_llcp_state_set
40000f54 A r_llc_llcp_trans_timer_set
40000f58 A r_llc_llcp_tx_check
40000f5c A r_llc_loc_ch_map_proc_continue
40000f60 A r_llc_loc_con_upd_proc_continue
40000f64 A r_llc_loc_con_upd_proc_err_cb
40000f68 A r_llc_loc_dl_upd_proc_continue
40000f6c A r_llc_loc_encrypt_proc_continue
40000f70 A r_llc_loc_encrypt_proc_err_cb
40000f74 A r_llc_loc_feats_exch_proc_continue
40000f78 A r_llc_loc_phy_upd_proc_continue
40000f7c A r_llc_loc_phy_upd_proc_err_cb
40000f80 A r_llc_msg_handler_tab_p_get
40000f84 A r_llc_pref_param_compute
40000f88 A r_llc_proc_collision_check
40000f8c A r_llc_proc_err_ind
40000f90 A r_llc_proc_get
40000f94 A r_llc_proc_id_get
40000f98 A r_llc_proc_reg
40000f9c A r_llc_proc_state_get
40000fa0 A r_llc_proc_state_set
40000fa4 A r_llc_proc_timer_pause_set
40000fa8 A r_llc_proc_timer_set
40000fac A r_llc_proc_unreg
40000fb0 A r_llc_rem_ch_map_proc_continue
40000fb4 A r_llc_rem_con_upd_proc_continue
40000fb8 A r_llc_rem_con_upd_proc_err_cb
40000fbc A r_llc_rem_dl_upd_proc
40000fc0 A r_llc_rem_encrypt_proc_continue
40000fc4 A r_llc_rem_encrypt_proc_err_cb
40000fc8 A r_llc_rem_phy_upd_proc_continue
40000fcc A r_llc_rem_phy_upd_proc_err_cb
40000fd0 A r_llc_role_get
40000fd4 A r_llc_sk_gen
40000fd8 A r_llc_start
40000fdc A r_llc_stop
40000fe0 A r_llc_ver_exch_loc_proc_continue
40000fe4 A r_llc_ver_proc_err_cb
40000fe8 A r_llcp_pdu_handler_tab_p_get
40000fec A r_lld_aa_gen
40000ff0 A r_lld_adv_adv_data_set
40000ff4 A r_lld_adv_adv_data_update
40000ff8 A r_lld_adv_aux_ch_idx_set
40000ffc A r_lld_adv_aux_evt_canceled_cbk
40001000 A r_lld_adv_aux_evt_start_cbk
40001004 A r_lld_adv_coex_check_ext_adv_synced
40001008 A r_lld_adv_coex_env_reset
4000100c A r_lld_adv_duration_update
40001010 A r_lld_adv_dynamic_pti_process
40001014 A r_lld_adv_end
40001018 A r_lld_adv_evt_canceled_cbk
4000101c A r_lld_adv_evt_start_cbk
40001020 A r_lld_adv_ext_chain_construct
40001024 A r_lld_adv_ext_pkt_prepare
40001028 A r_lld_adv_frm_cbk
4000102c A r_lld_adv_frm_isr
40001030 A r_lld_adv_frm_skip_isr
40001034 A r_lld_adv_init
40001038 A r_lld_adv_pkt_rx
4000103c A r_lld_adv_pkt_rx_connect_ind
40001040 A r_lld_adv_pkt_rx_send_scan_req_evt
40001044 A r_lld_adv_rand_addr_update
40001048 A r_lld_adv_restart
4000104c A r_lld_adv_scan_rsp_data_set
40001050 A r_lld_adv_scan_rsp_data_update
40001054 A r_lld_adv_set_tx_power
40001058 A r_lld_adv_start
4000105c A r_lld_adv_stop
40001060 A r_lld_adv_sync_info_set
40001064 A r_lld_adv_sync_info_update
40001068 A r_lld_calc_aux_rx
4000106c A r_lld_cca_alloc
40001070 A r_lld_cca_data_reset
40001074 A r_lld_cca_free
40001078 A r_lld_ch_assess_data_get
4000107c A r_lld_ch_idx_get
40001080 A r_lld_ch_map_set
40001084 A r_lld_channel_assess
40001088 A r_lld_con_activity_act_offset_compute
4000108c A r_lld_con_activity_offset_compute
40001090 A r_lld_con_ch_map_update
40001094 A r_lld_con_cleanup
40001098 A r_lld_con_current_tx_power_get
4000109c A r_lld_con_data_flow_set
400010a0 A r_lld_con_data_len_update
400010a4 A r_lld_con_data_tx
400010a8 A r_lld_con_enc_key_load
400010ac A r_lld_con_event_counter_get
400010b0 A r_lld_con_evt_canceled_cbk
400010b4 A r_lld_con_evt_duration_min_get
400010b8 A r_lld_con_evt_max_eff_time_cal
400010bc A r_lld_con_evt_sd_evt_time_get
400010c0 A r_lld_con_evt_start_cbk
400010c4 A r_lld_con_evt_time_update
400010c8 A r_lld_con_free_all_tx_buf
400010cc A r_lld_con_frm_cbk
400010d0 A r_lld_con_frm_isr
400010d4 A r_lld_con_frm_skip_isr
400010d8 A r_lld_con_init
400010dc A r_lld_con_llcp_tx
400010e0 A r_lld_con_max_lat_calc
400010e4 A r_lld_con_offset_get
400010e8 A r_lld_con_param_update
400010ec A r_lld_con_phys_update
400010f0 A r_lld_con_pref_slave_evt_dur_set
400010f4 A r_lld_con_pref_slave_latency_set
400010f8 A r_lld_con_rssi_get
400010fc A r_lld_con_rx
40001100 A r_lld_con_rx_channel_assess
40001104 A r_lld_con_rx_enc
40001108 A r_lld_con_rx_isr
4000110c A r_lld_con_rx_link_info_check
40001110 A r_lld_con_rx_llcp_check
40001114 A r_lld_con_rx_sync_time_update
40001118 A r_lld_con_sched
4000111c A r_lld_con_set_tx_power
40001120 A r_lld_con_start
40001124 A r_lld_con_stop
40001128 A r_lld_con_tx
4000112c A r_lld_con_tx_enc
40001130 A r_lld_con_tx_isr
40001134 A r_lld_con_tx_len_update
40001138 A r_lld_con_tx_len_update_for_intv
4000113c A r_lld_con_tx_len_update_for_rate
40001140 A r_lld_con_tx_prog
40001144 A r_lld_conn_dynamic_pti_process
40001148 A r_lld_continue_scan_rx_isr_end_process
4000114c A r_lld_ext_scan_dynamic_pti_process
40001150 A r_lld_hw_cca_end_isr
40001154 A r_lld_hw_cca_evt_handler
40001158 A r_lld_hw_cca_isr
4000115c A r_lld_init_cal_anchor_point
40001160 A r_lld_init_compute_winoffset
40001164 A r_lld_init_connect_req_pack
40001168 A r_lld_init_end
4000116c A r_lld_init_evt_canceled_cbk
40001170 A r_lld_init_evt_start_cbk
40001174 A r_lld_init_frm_cbk
40001178 A r_lld_init_frm_eof_isr
4000117c A r_lld_init_frm_skip_isr
40001180 A r_lld_init_init
40001184 A r_lld_init_process_pkt_rx
40001188 A r_lld_init_process_pkt_rx_adv_ext_ind
4000118c A r_lld_init_process_pkt_rx_adv_ind_or_direct_ind
40001190 A r_lld_init_process_pkt_rx_aux_connect_rsp
40001194 A r_lld_init_process_pkt_tx
40001198 A r_lld_init_process_pkt_tx_cal_con_timestamp
4000119c A r_lld_init_sched
400011a0 A r_lld_init_set_tx_power
400011a4 A r_lld_init_start
400011a8 A r_lld_init_stop
400011ac A r_lld_instant_proc_end
400011b0 A r_lld_llcp_rx_ind_handler
400011b4 A r_lld_per_adv_ch_map_update
400011b8 A r_lld_per_adv_chain_construct
400011bc A r_lld_per_adv_cleanup
400011c0 A r_lld_per_adv_coex_env_reset
400011c4 A r_lld_per_adv_data_set
400011c8 A r_lld_per_adv_data_update
400011cc A r_lld_per_adv_dynamic_pti_process
400011d0 A r_lld_per_adv_evt_canceled_cbk
400011d4 A r_lld_per_adv_evt_start_cbk
400011d8 A r_lld_per_adv_ext_pkt_prepare
400011dc A r_lld_per_adv_frm_cbk
400011e0 A r_lld_per_adv_frm_isr
400011e4 A r_lld_per_adv_frm_skip_isr
400011e8 A r_lld_per_adv_init
400011ec A r_lld_per_adv_init_info_get
400011f0 A r_lld_per_adv_list_add
400011f4 A r_lld_per_adv_list_rem
400011f8 A r_lld_per_adv_sched
400011fc A r_lld_per_adv_set_tx_power
40001200 A r_lld_per_adv_start
40001204 A r_lld_per_adv_stop
40001208 A r_lld_per_adv_sync_info_get
4000120c A r_lld_process_cca_data
40001210 A r_lld_ral_search
40001214 A r_lld_read_clock
40001218 A r_lld_res_list_add
4000121c A r_lld_res_list_clear
40001220 A r_lld_res_list_is_empty
40001224 A r_lld_res_list_local_rpa_get
40001228 A r_lld_res_list_peer_rpa_get
4000122c A r_lld_res_list_peer_update
40001230 A r_lld_res_list_priv_mode_update
40001234 A r_lld_res_list_rem
40001238 A r_lld_reset_reg
4000123c A r_lld_rpa_renew
40001240 A r_lld_rpa_renew_evt_canceled_cbk
40001244 A r_lld_rpa_renew_evt_start_cbk
40001248 A r_lld_rpa_renew_instant_cbk
4000124c A r_lld_rxdesc_check
40001250 A r_lld_rxdesc_free
40001254 A r_lld_scan_create_sync
40001258 A r_lld_scan_create_sync_cancel
4000125c A r_lld_scan_end
40001260 A r_lld_scan_evt_canceled_cbk
40001264 A r_lld_scan_evt_start_cbk
40001268 A r_lld_scan_frm_cbk
4000126c A r_lld_scan_frm_eof_isr
40001270 A r_lld_scan_frm_rx_isr
40001274 A r_lld_scan_frm_skip_isr
40001278 A r_lld_scan_init
4000127c A r_lld_scan_params_update
40001280 A r_lld_scan_process_pkt_rx
40001284 A r_lld_scan_process_pkt_rx_adv_rep
40001288 A r_lld_scan_process_pkt_rx_aux_adv_ind
4000128c A r_lld_scan_process_pkt_rx_aux_chain_ind
40001290 A r_lld_scan_process_pkt_rx_aux_scan_rsp
40001294 A r_lld_scan_process_pkt_rx_ext_adv
40001298 A r_lld_scan_process_pkt_rx_ext_adv_ind
4000129c A r_lld_scan_process_pkt_rx_legacy_adv
400012a0 A r_lld_scan_restart
400012a4 A r_lld_scan_sched
400012a8 A r_lld_scan_set_tx_power
400012ac A r_lld_scan_start
400012b0 A r_lld_scan_stop
400012b4 A r_lld_scan_sync_accept
400012b8 A r_lld_scan_sync_info_unpack
400012bc A r_lld_scan_trunc_ind
400012c0 A r_lld_sw_cca_evt_handler
400012c4 A r_lld_sw_cca_isr
400012c8 A r_lld_sync_ch_map_update
400012cc A r_lld_sync_cleanup
400012d0 A r_lld_sync_evt_canceled_cbk
400012d4 A r_lld_sync_evt_start_cbk
400012d8 A r_lld_sync_frm_cbk
400012dc A r_lld_sync_frm_eof_isr
400012e0 A r_lld_sync_frm_rx_isr
400012e4 A r_lld_sync_frm_skip_isr
400012e8 A r_lld_sync_init
400012ec A r_lld_sync_process_pkt_rx
400012f0 A r_lld_sync_process_pkt_rx_aux_sync_ind
400012f4 A r_lld_sync_process_pkt_rx_pkt_check
400012f8 A r_lld_sync_scan_dynamic_pti_process
400012fc A r_lld_sync_sched
40001300 A r_lld_sync_start
40001304 A r_lld_sync_stop
40001308 A r_lld_sync_trunc_ind
4000130c A r_lld_test_cleanup
40001310 A r_lld_test_evt_canceled_cbk
40001314 A r_lld_test_evt_start_cbk
40001318 A r_lld_test_freq2chnl
4000131c A r_lld_test_frm_cbk
40001320 A r_lld_test_frm_isr
40001324 A r_lld_test_init
40001328 A r_lld_test_rx_isr
4000132c A r_lld_test_set_tx_power
40001330 A r_lld_test_start
40001334 A r_lld_test_stop
40001338 A r_lld_update_rxbuf
4000133c A r_lld_update_rxbuf_isr
40001340 A r_lld_white_list_add
40001344 A r_lld_white_list_rem
40001348 A r_llm_activity_free_get
4000134c A r_llm_activity_free_set
40001350 A r_llm_activity_syncing_get
40001354 A r_llm_adv_con_len_check
40001358 A r_llm_adv_hdl_to_id
4000135c A r_llm_adv_rep_flow_control_check
40001360 A r_llm_adv_rep_flow_control_update
40001364 A r_llm_adv_reports_list_check
40001368 A r_llm_adv_set_all_release
4000136c A r_llm_adv_set_dft_params
40001370 A r_llm_adv_set_release
40001374 A r_llm_aes_res_cb
40001378 A r_llm_ble_update_adv_flow_control
4000137c A r_llm_ch_map_update
40001380 A r_llm_cmd_cmp_send
40001384 A r_llm_cmd_stat_send
40001388 A r_llm_dev_list_empty_entry
4000138c A r_llm_dev_list_search
40001390 A r_llm_env_adv_dup_filt_deinit
40001394 A r_llm_env_adv_dup_filt_init
40001398 A r_llm_init_ble_adv_report_flow_contol
4000139c A r_llm_is_dev_connected
400013a0 A r_llm_is_dev_synced
400013a4 A r_llm_is_non_con_act_ongoing_check
400013a8 A r_llm_is_wl_accessible
400013ac A r_llm_le_evt_mask_check
400013b0 A r_llm_le_features_get
400013b4 A r_llm_link_disc
400013b8 A r_llm_master_ch_map_get
400013bc A r_llm_msg_handler_tab_p_get
400013c0 A r_llm_no_activity
400013c4 A r_llm_per_adv_slot_dur
400013c8 A r_llm_plan_elt_get
400013cc A r_llm_rx_path_comp_get
400013d0 A r_llm_scan_start
400013d4 A r_llm_scan_sync_acad_attach
400013d8 A r_llm_scan_sync_acad_detach
400013dc A r_llm_send_adv_lost_event_to_host
400013e0 A r_llm_tx_path_comp_get
400013e4 A r_misc_deinit
400013e8 A r_misc_free_em_buf_in_isr
400013ec A r_misc_init
400013f0 A r_misc_msg_handler_tab_p_get
400013f4 A r_notEqual256
400013f8 A r_phy_upd_proc_start
400013fc A r_platform_reset
40001400 A r_register_esp_vendor_cmd_handler
40001404 A r_rf_em_init
40001408 A r_rf_force_agc_enable
4000140c A r_rf_reg_rd
40001410 A r_rf_reg_wr
40001414 A r_rf_reset
40001418 A r_rf_rssi_convert
4000141c A r_rf_rw_v9_le_disable
40001420 A r_rf_rw_v9_le_enable
40001424 A r_rf_sleep
40001428 A r_rf_txpwr_cs_get
4000142c A r_rf_txpwr_dbm_get
40001430 A r_rf_util_cs_fmt_convert
40001434 A r_rw_crypto_aes_ccm
40001438 A r_rw_crypto_aes_encrypt
4000143c A r_rw_crypto_aes_init
40001440 A r_rw_crypto_aes_k1
40001444 A r_rw_crypto_aes_k2
40001448 A r_rw_crypto_aes_k3
4000144c A r_rw_crypto_aes_k4
40001450 A r_rw_crypto_aes_rand
40001454 A r_rw_crypto_aes_result_handler
40001458 A r_rw_crypto_aes_s1
4000145c A r_rw_cryto_aes_cmac
40001460 A r_rw_v9_init_em_radio_table
40001464 A r_rwble_isr
40001468 A r_rwble_sleep_enter
4000146c A r_rwble_sleep_wakeup_end
40001470 A r_rwbtdm_isr_wrapper
40001474 A r_rwip_active_check
40001478 A r_rwip_aes_encrypt
4000147c A r_rwip_assert
40001480 A r_rwip_crypt_evt_handler
40001484 A r_rwip_crypt_isr_handler
40001488 A r_rwip_eif_get
4000148c A r_rwip_half_slot_2_lpcycles
40001490 A r_rwip_hus_2_lpcycles
40001494 A r_rwip_isr
40001498 A r_rwip_lpcycles_2_hus
4000149c A r_rwip_prevent_sleep_clear
400014a0 A r_rwip_prevent_sleep_set
400014a4 A r_rwip_schedule
400014a8 A r_rwip_sleep
400014ac A r_rwip_sw_int_handler
400014b0 A r_rwip_sw_int_req
400014b4 A r_rwip_time_get
400014b8 A r_rwip_timer_10ms_handler
400014bc A r_rwip_timer_10ms_set
400014c0 A r_rwip_timer_hs_handler
400014c4 A r_rwip_timer_hs_set
400014c8 A r_rwip_timer_hus_handler
400014cc A r_rwip_timer_hus_set
400014d0 A r_rwip_wakeup
400014d4 A r_rwip_wakeup_end
400014d8 A r_rwip_wlcoex_set
400014dc A r_sch_alarm_clear
400014e0 A r_sch_alarm_init
400014e4 A r_sch_alarm_prog
400014e8 A r_sch_alarm_set
400014ec A r_sch_alarm_timer_isr
400014f0 A r_sch_arb_conflict_check
400014f4 A r_sch_arb_elt_cancel
400014f8 A r_sch_arb_event_start_isr
400014fc A r_sch_arb_init
40001500 A r_sch_arb_insert
40001504 A r_sch_arb_prog_timer
40001508 A r_sch_arb_remove
4000150c A r_sch_arb_sw_isr
40001510 A r_sch_plan_chk
40001514 A r_sch_plan_clock_wrap_offset_update
40001518 A r_sch_plan_init
4000151c A r_sch_plan_interval_req
40001520 A r_sch_plan_offset_max_calc
40001524 A r_sch_plan_offset_req
40001528 A r_sch_plan_position_range_compute
4000152c A r_sch_plan_rem
40001530 A r_sch_plan_req
40001534 A r_sch_plan_set
40001538 A r_sch_prog_end_isr
4000153c A r_sch_prog_init
40001540 A r_sch_prog_push
40001544 A r_sch_prog_rx_isr
40001548 A r_sch_prog_skip_isr
4000154c A r_sch_prog_tx_isr
40001550 A r_sch_slice_bg_add
40001554 A r_sch_slice_bg_remove
40001558 A r_sch_slice_compute
4000155c A r_sch_slice_fg_add
40001560 A r_sch_slice_fg_remove
40001564 A r_sch_slice_init
40001568 A r_sch_slice_per_add
4000156c A r_sch_slice_per_remove
40001570 A r_sdk_config_get_bt_sleep_enable
40001574 A r_sdk_config_get_hl_derived_opts
40001578 A r_sdk_config_get_opts
4000157c A r_sdk_config_get_priv_opts
40001580 A r_sdk_config_set_bt_sleep_enable
40001584 A r_sdk_config_set_hl_derived_opts
40001588 A r_sdk_config_set_opts
4000158c A r_specialModP256
40001590 A r_unloaded_area_init
40001594 A r_vhci_flow_off
40001598 A r_vhci_flow_on
4000159c A r_vhci_notify_host_send_available
400015a0 A r_vhci_send_to_host
400015a4 A r_vnd_hci_command_handler
400015a8 A r_vshci_init
400015ac A vnd_hci_command_handler_wrapper
400015b0 A esp_pp_rom_version_get
400015b4 A RC_GetBlockAckTime
400015b8 A ebuf_list_remove
400015bc A esf_buf_alloc
400015c0 A esf_buf_alloc_dynamic
400015c4 A esf_buf_recycle
400015c8 A GetAccess
400015cc A hal_mac_is_low_rate_enabled
400015d0 A hal_mac_tx_get_blockack
400015d4 A hal_mac_tx_set_ppdu
400015d8 A ic_get_trc
400015dc A ic_mac_deinit
400015e0 A ic_mac_init
400015e4 A ic_interface_enabled
400015e8 A is_lmac_idle
400015ec A lmacAdjustTimestamp
400015f0 A lmacDiscardAgedMSDU
400015f4 A lmacDiscardMSDU
400015f8 A lmacEndFrameExchangeSequence
400015fc A lmacIsIdle
40001600 A lmacIsLongFrame
40001604 A lmacMSDUAged
40001608 A lmacPostTxComplete
4000160c A lmacProcessAllTxTimeout
40001610 A lmacProcessCollisions
40001614 A lmacProcessRxSucData
40001618 A lmacReachLongLimit
4000161c A lmacReachShortLimit
40001620 A lmacRecycleMPDU
40001624 A lmacRxDone
40001628 A lmacSetTxFrame
40001630 A lmacTxFrame
40001634 A mac_tx_set_duration
40001638 A mac_tx_set_htsig
4000163c A mac_tx_set_plcp0
40001640 A mac_tx_set_plcp1
40001644 A mac_tx_set_plcp2
40001648 A pm_check_state
4000164c A pm_disable_dream_timer
40001650 A pm_disable_sleep_delay_timer
40001654 A pm_dream
40001658 A pm_mac_wakeup
4000165c A pm_mac_sleep
40001660 A pm_enable_active_timer
40001664 A pm_enable_sleep_delay_timer
40001668 A pm_local_tsf_process
4000166c A pm_set_beacon_filter
40001670 A pm_is_in_wifi_slice_threshold
40001674 A pm_is_waked
40001678 A pm_keep_alive
4000167c A pm_on_beacon_rx
40001680 A pm_on_data_rx
40001684 A pm_on_tbtt
40001688 A pm_parse_beacon
4000168c A pm_process_tim
40001690 A pm_rx_beacon_process
40001694 A pm_rx_data_process
40001698 A pm_sleep
4000169c A pm_sleep_for
400016a0 A pm_tbtt_process
400016a4 A ppAMPDU2Normal
400016a8 A ppAssembleAMPDU
400016ac A ppCalFrameTimes
400016b0 A ppCalSubFrameLength
400016b4 A ppCalTxAMPDULength
400016b8 A ppCheckTxAMPDUlength
400016bc A ppDequeueRxq_Locked
400016c0 A ppDequeueTxQ
400016c4 A ppEmptyDelimiterLength
400016c8 A ppEnqueueRxq
400016cc A ppEnqueueTxDone
400016d0 A ppGetTxQFirstAvail_Locked
400016d4 A ppGetTxframe
400016d8 A ppMapTxQueue
400016dc A ppProcTxSecFrame
400016e0 A ppProcessRxPktHdr
400016e4 A ppProcessTxQ
400016e8 A ppRecordBarRRC
400016ec A lmacRequestTxopQueue
400016f0 A lmacReleaseTxopQueue
400016f4 A ppRecycleAmpdu
400016f8 A ppRecycleRxPkt
400016fc A ppResortTxAMPDU
40001700 A ppResumeTxAMPDU
40001704 A ppRxFragmentProc
40001708 A ppRxPkt
4000170c A ppRxProtoProc
40001710 A ppSearchTxQueue
40001714 A ppSearchTxframe
40001718 A ppSelectNextQueue
4000171c A ppSubFromAMPDU
40001720 A ppTask
40001724 A ppTxPkt
40001728 A ppTxProtoProc
4000172c A ppTxqUpdateBitmap
40001734 A pp_hdrsize
40001738 A pp_post
4000173c A pp_process_hmac_waiting_txq
40001740 A rcGetAmpduSched
40001744 A rcUpdateRxDone
40001748 A rc_get_trc
4000174c A rc_get_trc_by_index
40001750 A rcAmpduLowerRate
40001754 A rcampduuprate
40001758 A rcClearCurAMPDUSched
4000175c A rcClearCurSched
40001760 A rcClearCurStat
40001764 A rcGetSched
40001768 A rcLowerSched
4000176c A rcSetTxAmpduLimit
40001770 A rcTxUpdatePer
40001774 A rcUpdateAckSnr
40001778 A rcUpdateRate
4000177c A rcUpdateTxDone
40001780 A rcUpdateTxDoneAmpdu2
40001784 A rcUpSched
40001788 A rssi_margin
4000178c A rx11NRate2AMPDULimit
40001790 A TRC_AMPDU_PER_DOWN_THRESHOLD
40001794 A TRC_AMPDU_PER_UP_THRESHOLD
40001798 A trc_calc_duration
4000179c A trc_isTxAmpduOperational
400017a0 A trc_onAmpduOp
400017a4 A TRC_PER_IS_GOOD
400017a8 A trc_SetTxAmpduState
400017ac A trc_tid_isTxAmpduOperational
400017b0 A trcAmpduSetState
400017b4 A wDevCheckBlockError
400017b8 A wDev_AppendRxBlocks
400017bc A wDev_DiscardFrame
400017c0 A wDev_GetNoiseFloor
400017c4 A wDev_IndicateAmpdu
400017c8 A wDev_IndicateFrame
400017cc A wdev_bank_store
400017d0 A wdev_bank_load
400017d4 A wdev_mac_reg_load
400017d8 A wdev_mac_reg_store
400017dc A wdev_mac_special_reg_load
400017e0 A wdev_mac_special_reg_store
400017e4 A wdev_mac_wakeup
400017e8 A wdev_mac_sleep
400017ec A hal_mac_is_dma_enable
400017f0 A wDev_ProcessFiq
400017f4 A wDev_ProcessRxSucData
400017f8 A wdevProcessRxSucDataAll
400017fc A wdev_csi_len_align
40001800 A ppDequeueTxDone_Locked
40001804 A ppProcTxDone
40001808 A pm_tx_data_done_process
4000180c A config_is_cache_tx_buf_enabled
40001810 A ppMapWaitTxq
40001814 A ppProcessWaitingQueue
40001818 A ppDisableQueue
4000181c A pm_allow_tx
40001820 A esp_net80211_rom_version_get
40001824 A ampdu_dispatch
40001828 A ampdu_dispatch_all
4000182c A ampdu_dispatch_as_many_as_possible
40001830 A ampdu_dispatch_movement
40001834 A ampdu_dispatch_upto
40001838 A chm_is_at_home_channel
4000183c A cnx_node_is_existing
40001840 A cnx_node_search
40001844 A ic_ebuf_recycle_rx
40001848 A ic_ebuf_recycle_tx
4000184c A ic_reset_rx_ba
40001850 A ieee80211_align_eb
40001854 A ieee80211_ampdu_reorder
40001858 A ieee80211_ampdu_start_age_timer
4000185c A ieee80211_encap_esfbuf
40001860 A ieee80211_is_tx_allowed
40001864 A ieee80211_output_pending_eb
40001868 A ieee80211_output_process
4000186c A ieee80211_set_tx_desc
40001870 A rom_sta_input
40001874 A wifi_get_macaddr
40001878 A wifi_rf_phy_disable
40001880 A ic_ebuf_alloc
40001884 A ieee80211_classify
40001888 A ieee80211_copy_eb_header
4000188c A ieee80211_recycle_cache_eb
40001890 A ieee80211_search_node
40001894 A roundup2
40001898 A ieee80211_crypto_encap
4000189c A ieee80211_crypto_decap
400018a0 A ieee80211_decap
400018a4 A ieee80211_set_tx_pti
400018a8 A wifi_is_started
400018ac A esp_coex_rom_version_get
400018b0 A coex_bt_release
400018b4 A coex_bt_request
400018b8 A coex_core_ble_conn_dyn_prio_get
400018c0 A coex_core_pti_get
400018c4 A coex_core_release
400018c8 A coex_core_request
400018cc A coex_core_status_get
400018d4 A coex_event_duration_get
400018d8 A coex_hw_timer_disable
400018dc A coex_hw_timer_enable
400018e0 A coex_hw_timer_set
400018e4 A coex_schm_interval_set
400018e8 A coex_schm_lock
400018ec A coex_schm_unlock
400018f0 A coex_status_get
400018f4 A coex_wifi_release
400018f8 A esp_coex_ble_conn_dynamic_prio_get
400018fc A phy_get_romfuncs
40001900 A rom_abs_temp
40001904 A rom_bb_bss_cbw40_dig
40001908 A rom_bb_wdg_test_en
4000190c A rom_bb_wdt_get_status
40001910 A rom_bb_wdt_int_enable
40001914 A rom_bb_wdt_rst_enable
40001918 A rom_bb_wdt_timeout_clear
4000191c A rom_cbw2040_cfg
40001920 A rom_check_noise_floor
40001924 A rom_chip_i2c_readReg
40001928 A rom_chip_i2c_writeReg
4000192c A rom_correct_rf_ana_gain
40001930 A rom_dc_iq_est
40001934 A rom_disable_agc
40001938 A rom_en_pwdet
4000193c A rom_enable_agc
40001940 A rom_get_bbgain_db
40001944 A rom_get_data_sat
40001948 A rom_get_i2c_read_mask
4000194c A rom_get_pwctrl_correct
40001950 A rom_get_rf_gain_qdb
40001954 A rom_i2c_readreg
40001958 A rom_i2c_readreg_mask
4000195c A rom_i2c_writereg
40001960 A rom_i2c_writereg_mask
40001964 A rom_index_to_txbbgain
40001968 A rom_iq_est_disable
4000196c A rom_iq_est_enable
40001970 A rom_linear_to_db
40001974 A rom_loopback_mode_en
40001978 A rom_mhz2ieee
4000197c A rom_noise_floor_auto_set
40001980 A rom_pbus_debugmode
40001984 A rom_pbus_force_mode
40001988 A rom_pbus_force_test
4000198c A rom_pbus_rd
40001990 A rom_pbus_rd_addr
40001994 A rom_pbus_rd_shift
40001998 A rom_pbus_set_dco
4000199c A rom_pbus_set_rxgain
400019a0 A rom_pbus_workmode
400019a4 A rom_pbus_xpd_rx_off
400019a8 A rom_pbus_xpd_rx_on
400019ac A rom_pbus_xpd_tx_off
400019b0 A rom_pbus_xpd_tx_on
400019b4 A rom_phy_byte_to_word
400019b8 A rom_phy_disable_cca
400019bc A rom_phy_enable_cca
400019c0 A rom_phy_get_noisefloor
400019c4 A rom_phy_get_rx_freq
400019c8 A rom_phy_set_bbfreq_init
400019cc A rom_pow_usr
400019d0 A rom_pwdet_sar2_init
400019d4 A rom_read_hw_noisefloor
400019d8 A rom_read_sar_dout
400019dc A rom_set_cal_rxdc
400019e0 A rom_set_chan_cal_interp
400019e4 A rom_set_loopback_gain
400019e8 A rom_set_noise_floor
400019ec A rom_set_rxclk_en
400019f0 A rom_set_tx_dig_gain
400019f4 A rom_set_txcap_reg
400019f8 A rom_set_txclk_en
400019fc A rom_spur_cal
40001a00 A rom_spur_reg_write_one_tone
40001a04 A rom_target_power_add_backoff
40001a08 A rom_tx_pwctrl_bg_init
40001a0c A rom_txbbgain_to_index
40001a10 A rom_wifi_11g_rate_chg
40001a14 A rom_write_gain_mem
40001a18 A chip726_phyrom_version
40001a1c A rom_disable_wifi_agc
40001a20 A rom_enable_wifi_agc
40001a24 A rom_set_tx_gain_table
40001a28 A rom_bt_index_to_bb
40001a2c A rom_bt_bb_to_index
40001a30 A rom_wr_bt_tx_atten
40001a34 A rom_wr_bt_tx_gain_mem
40001a38 A rom_spur_coef_cfg
40001a3c A rom_bb_bss_cbw40
40001a40 A rom_set_cca
40001a44 A rom_tx_paon_set
40001a48 A rom_i2cmst_reg_init
40001a4c A rom_iq_corr_enable
40001a50 A rom_fe_reg_init
40001a54 A rom_agc_reg_init
40001a58 A rom_bb_reg_init
40001a5c A rom_mac_enable_bb
40001a60 A rom_bb_wdg_cfg
40001a64 A rom_force_txon
40001a68 A rom_fe_txrx_reset
40001a6c A rom_set_rx_comp
40001a70 A rom_set_pbus_reg
40001a74 A rom_write_chan_freq
40001a78 A rom_phy_xpd_rf
40001a7c A rom_set_xpd_sar
40001a80 A rom_write_dac_gain2
40001a84 A rom_rtc_sar2_init
40001a88 A rom_get_target_power_offset
40001a8c A rom_write_txrate_power_offset
40001a90 A rom_get_rate_fcc_index
40001a94 A rom_get_rate_target_power
40001a98 A rom_write_wifi_dig_gain
40001a9c A rom_bt_correct_rf_ana_gain
40001aa0 A rom_pkdet_vol_start
40001aa4 A rom_read_sar2_code
40001aa8 A rom_get_sar2_vol
40001aac A rom_get_pll_vol
40001ab0 A rom_get_phy_target_power
40001ab4 A rom_temp_to_power
40001ab8 A rom_phy_track_pll_cap
40001abc A rom_phy_pwdet_always_en
40001ac0 A rom_phy_pwdet_onetime_en
40001ac4 A rom_get_i2c_mst0_mask
40001ac8 A rom_get_i2c_hostid
40001acc A rom_enter_critical_phy
40001ad0 A rom_exit_critical_phy
40001ad4 A rom_chip_i2c_readReg_org
40001ad8 A rom_i2c_paral_set_mst0
40001adc A rom_i2c_paral_set_read
40001ae0 A rom_i2c_paral_read
40001ae4 A rom_i2c_paral_write
40001ae8 A rom_i2c_paral_write_num
40001aec A rom_i2c_paral_write_mask
40001af0 A rom_bb_bss_cbw40_ana
40001af4 A rom_chan_to_freq
40001af8 A rom_open_i2c_xpd
40001afc A rom_dac_rate_set
40001b00 A rom_tsens_read_init
40001b04 A rom_tsens_code_read
40001b08 A rom_tsens_index_to_dac
40001b0c A rom_tsens_index_to_offset
40001b10 A rom_tsens_dac_cal
40001b14 A rom_code_to_temp
40001b18 A rom_write_pll_cap_mem
40001b1c A rom_pll_correct_dcap
40001b20 A rom_phy_en_hw_set_freq
40001b24 A rom_phy_dis_hw_set_freq
40001b28 A rom_pll_vol_cal
40380000 A _iram_start
40380000 T _vector_table
40380080 T _exception_handler
40380080 T _interrupt_handler
40380130 T esp32c3_dispatch_irq
403801d8 t esp32c3_rtc_sleep_pu
4038030a t esp32c3_rtc_clk_bbpll_disable
4038031c T esp32c3_periph_ll_periph_enabled
40380412 T esp32c3_rtc_clk_xtal_freq_get
40380438 T esp32c3_rtc_clk_slow_freq_set
40380480 T esp32c3_rtc_clk_slow_freq_get
4038048a T esp32c3_rtc_clk_cal
403806bc t esp32c3_wait_dig_dbias_valid.constprop.0
403806da t esp32c3_rtc_update_to_xtal
40380788 T esp32c3_perip_clk_init
403808fa T esp32c3_rtc_time_get
40380924 T esp32c3_rtc_time_us_to_slowclk
40380942 T esp32c3_rtc_time_slowclk_to_us
4038095c T esp32c3_rtc_cpu_freq_set_xtal
4038096c T esp32c3_rtc_sleep_init
40380cea T esp32c3_rtc_deep_sleep_start
40380dbc T esp32c3_rtc_sleep_start
40380e4c T esp32c3_rtc_clk_cpu_freq_set_config
40381132 T esp32c3_rtc_sleep_low_init
40381190 T esp32c3_rtc_clk_cpu_freq_get_config
40381246 T esp32c3_rtc_init
40381786 T esp32c3_rtc_sleep_set_wakeup_time
403817c4 T esp32c3_rtc_set_boot_time
403817d2 T esp32c3_rtc_get_boot_time
403817e0 T irq_dispatch
40381830 A _iram_end
42000020 T __start
42000020 T _stext
42000046 T __esp32c3_start
420000b6 T esp32c3_wdt_early_deinit
420000de T up_irqinitialize
42000136 T riscv_get_newintctx
4200013e T up_enable_irq
42000184 T up_disable_irq
420001ca T esp32c3_bind_irq
4200023c T esp32c3_request_irq
420002b6 T esp32c3_free_cpuint
42000356 T up_irq_enable
4200035c T esp32c3_clockconfig
42000388 T esp32c3_clk_apb_freq
42000392 t gpio_interrupt
420003e2 T esp32c3_configgpio
42000494 T esp32c3_gpiowrite
420004c2 T esp32c3_gpio_matrix_in
420004e6 T esp32c3_gpio_matrix_out
42000514 T esp32c3_gpioirqinitialize
42000566 T esp32c3_lowputc_enable_sclk
420005e6 T esp32c3_lowputc_get_sclk
42000630 T esp32c3_lowputc_baud
420006e2 T esp32c3_lowputc_normal_mode
42000778 T esp32c3_lowputc_parity
420007e6 T esp32c3_lowputc_data_length
42000824 T esp32c3_lowputc_stop_length
42000860 T esp32c3_lowputc_set_tx_idle_time
42000894 T esp32c3_lowputc_send_byte
420008ae T esp32c3_lowputc_is_tx_fifo_full
420008d8 T esp32c3_lowputc_rst_txfifo
42000930 T esp32c3_lowputc_rst_rxfifo
42000986 T esp32c3_lowputc_enable_sysclk
4200099c T esp32c3_lowputc_disable_all_uart_int
420009f8 T esp32c3_lowputc_restore_all_uart_int
42000a14 T esp32c3_lowputc_config_pins
42000a50 T riscv_lowputc
42000a74 T esp32c3_lowsetup
42000a90 t esp32c3_rxavailable
42000ab6 t esp32c3_txempty
42000ad8 t esp32c3_receive
42000afe t esp32c3_ioctl
42000b02 t esp32c3_shutdown
42000b08 t esp32c3_txready
42000b1a t esp32c3_txint
42000b4e t esp32c3_rxint
42000bd2 t esp32c3_send
42000bda t esp32c3_attach
42000c44 t uart_handler
42000cda t esp32c3_setup
42000daa t esp32c3_detach
42000dee T riscv_earlyserialinit
42000e0e T riscv_serialinit
42000e3e T up_putc
42000e7c T esp32c3_rtc_clk_set
42000ee0 T esp32c3_brownout_init
42000f0e T riscv_swint
42000f7e T riscv_exception
42001006 T riscv_copystate
42001024 T modifyreg32
4200103c T esp32c3_board_initialize
4200103e T nx_start
42001222 T nx_bringup
42001274 T irq_attach
420012aa T irq_unexpected_isr
420012dc T sched_lock
4200131e T sched_unlock
420013a0 t nxthread_create
420013fe T nxtask_create
4200140c T nxtask_init
420014fc t nxthread_setup_scheduler
4200166c T nxtask_setup_scheduler
4200166e T pthread_setup_scheduler
42001672 T nxtask_setup_arguments
42001794 T nxtask_activate
420017b0 T nxtask_start
42001810 T _exit
42001818 T exit
42001840 T setenv
42001920 T unsetenv
4200199a T group_allocate
42001a44 T group_initialize
42001a6e T group_leave
42001aee T group_setupidlefiles
42001b46 T group_setuptaskfiles
42001baa W irq_initialize
42001bca T pthread_release
42001c0e T pthread_mutex_inconsistent
42001c66 T nxsched_release_tcb
42001cd4 T nxsem_destroy
42001cf0 T sem_destroy
42001d14 T nxsig_procmask
42001d8e T nxsig_unmask_pendingsignal
42001dfe T nxsig_remove_pendingsignal
42001e56 T nxsig_release_pendingsignal
42001ea6 T nxsig_lowest
42001ed8 T nxsig_cleanup
42001f18 T nxsig_release
42001f4e T nxsig_tcbdispatch
42002188 T nxsig_dispatch
420021a2 T nxsig_deliver
42002282 T nxtask_exithook
42002324 T nxtask_recover
4200233c T wd_recover
42002344 T env_dup
420023c8 T env_release
420023fa T env_findvar
4200246a T env_removevar
420024e4 T group_setupstreams
4200252c T nxmq_recover
42002582 T nxmq_wait_irq
420025fc T pthread_sem_take
4200261e T pthread_sem_give
42002646 T nxsched_get_tcb
42002682 T nxsem_wait
42002736 T nxsem_wait_uninterruptible
42002754 T sem_wait
4200277a T nxsem_timedwait
42002780 T nxsem_timedwait_uninterruptible
42002786 T nxsem_clockwait
42002834 T nxsem_clockwait_uninterruptible
42002862 T nxsem_timeout
42002894 T nxsem_post
42002910 T sem_post
42002934 T nxsem_recover
42002980 T nxsem_wait_irq
420029dc W nxsig_initialize
42002b02 T nxsig_release_action
42002b26 T nxsig_pendingset
42002b6c T nxsig_find_action
42002b9e T nxsig_alloc_pendingsigaction
42002bf4 T nxsig_release_pendingsigaction
42002c44 T getpid
42002c62 T wd_start
42002d22 T wd_timer
42002d74 T wd_cancel
42002dea T clock_timespec_compare
42002e06 T clock_abstime2ticks
42002e6c T sched_idletask
42002ea2 T nxsem_trywait
42002f1a T clock_gettime
42002fc8 T clock_systime_timespec
42003028 W clock_initialize
4200302c W clock_timer
4200303c T drivers_initialize
4200304c t devnull_read
42003050 t devnull_write
42003054 t devnull_poll
4200307e T devnull_register
42003098 t devzero_write
4200309c t devzero_read
420030ba t devzero_poll
420030e4 T devzero_register
420030fe t uart_putc
42003122 t uart_putxmitchar
420031de t uart_read
420032f4 t uart_open
4200338e t uart_pollnotify
420033e6 t uart_poll
420034de t uart_write
420035ee t uart_tcdrain.isra.0
420036a4 T uart_register
42003720 T uart_datareceived
4200374e T uart_datasent
4200377c t uart_ioctl
420038f8 T uart_reset_sem
42003936 t uart_close
420039c2 T uart_xmitchars
42003a4e T uart_recvchars
42003adc T syslog_initialize
42003ae0 T _assert
42003aee T __errno
42003b0a T sq_addlast
42003b1e T sq_addfirst
42003b2a T sq_addafter
42003b46 T sq_rem
42003b70 T sq_remfirst
42003b86 T sq_remafter
42003ba6 T dq_addfirst
42003bbc T dq_rem
42003bda T clock_time2ticks
42003c34 T nxtask_startup
42003c5e T cxx_initialize
42003c60 T nxsem_init
42003c7c T sem_init
42003ca4 T nxsem_get_value
42003cbc T sem_getvalue
42003ce2 T nxsem_set_protocol
42003d0e T nxsig_addset
42003d28 T nxsig_delset
42003d46 T nxsig_ismember
42003d5a T sprintf
42003d8e T lib_vsprintf
42003d90 t vsprintf_internal.constprop.0
42004360 T __ultoa_invert
42004400 T lib_flushall
42004448 T lib_fflush
420044fc T lib_stream_initialize
42004552 T lib_stream_release
420045b4 T lib_stream_semtake
420045fc T lib_stream_semgive
42004600 T lib_sem_initialize
42004624 T lib_take_semaphore
42004694 T lib_give_semaphore
420046ea t memoutstream_puts
4200473e t memoutstream_putc
42004756 T lib_memoutstream
42004784 T lib_noflush
42004788 T vsyslog
420047ac T syslog
420047ca T tls_get_info
420047e6 T umm_initialize
42004806 T free
42004812 T malloc
4200481e T realloc
4200482c T zalloc
4200483a T mm_addregion
42004898 T mm_initialize
42004936 T mm_seminitialize
4200493e T mm_takesemaphore
420049a8 T mm_givesemaphore
420049d8 T mm_addfreechunk
42004a38 T mm_size2ndx
42004a58 T mm_free
42004ba0 t mallinfo_handler
42004c34 T mm_mallinfo
42004c94 T mm_malloc
42004d88 T mm_foreach
42004e1c T mm_realloc
42005046 T mm_zalloc
4200506c T mm_heapmember
4200507e T mm_shrinkchunk
42005110 T up_allocate_heap
4200512c T up_idle
42005132 t systimer_isr
42005152 T up_timer_initialize
42005212 T up_initialize
42005216 T up_create_stack
42005266 T up_exit
420052a4 t riscv_stackdump
42005308 t riscv_dump_task
4200532c T up_assert
42005650 T up_block_task
420056fe T up_initial_state
42005758 T up_interrupt_context
42005766 T up_release_pending
420057c8 T up_release_stack
42005806 T up_stack_frame
42005850 T up_schedule_sigaction
420058ba T riscv_sigdeliver
42005912 T up_unblock_task
4200599c T up_use_stack
420059da T riscv_copyfullstate
420059f8 T nsh_main
42005a4c T nsh_initialize
42005a58 T nsh_consolemain
42005a8a t nsh_consolelinebuffer
42005a90 t nsh_consoleredirect
42005ae0 t nsh_closeifnotclosed
42005b50 t nsh_consoleundirect
42005b7e t nsh_openifnotopen
42005bc0 t nsh_erroroutput
42005bf6 t nsh_consoleoutput
42005c2c t nsh_consolewrite
42005c90 t nsh_consolerelease
42005ca8 t nsh_consoleexit
42005cba T nsh_newconsole
42005d5e t nsh_consoleclone
42005d70 T nsh_session
42005ee4 T readline
42005f02 t readline_write
42005f22 t readline_putc
42005f6c t readline_getc
42005fb8 T readline_fd
42005fec T readline_common
42006138 t nsh_saveresult
420061aa t nsh_cmdenabled
42006206 t nsh_releaseargs
42006250 t nsh_child
420062aa t nsh_argument.isra.0
420063c6 t nsh_parse_command
42006c8e T nsh_parse
42006d70 T cmd_break
42006d9e T nsh_script
42006ed8 t cmd_unrecognized
42006ef2 t cmd_true
42006ef6 t cmd_false
42006efa t cmd_exit
42006f04 t help_showcmd
42006f20 t help_cmd.isra.0
42006f80 t cmd_help
420072ba T nsh_command
42007348 t ls_specialdir
42007384 t nsh_getdirpath
420073ec t ls_handler
420075ca t unlink_recursive
420076cc t ls_recursive
42007764 T cmd_basename
420077d6 T cmd_dirname
420077fe T cmd_cat
42007874 T cmd_cp
42007aa0 T cmd_ls
42007c66 T cmd_mkdir
42007cd6 T cmd_mkrd
42007e32 T cmd_mv
42007edc T cmd_rm
42007f9a T cmd_rmdir
42008006 T cmd_source
42008010 T cmd_cmp
420081f4 T cmd_truncate
42008386 T cmd_dd
42008680 t ps_callback
42008a60 T cmd_exec
42008ac2 T cmd_ps
42008b9c T cmd_kill
42008c92 T cmd_sleep
42008cdc T cmd_usleep
42008d26 T cmd_free
42008d36 T cmd_time
42008e1c T nsh_getcwd
42008e3c T nsh_getfullpath
42008f38 T nsh_freefullpath
42008f40 T cmd_cd
4200903a T cmd_echo
42009230 T cmd_pwd
4200925a T cmd_set
420093b8 T cmd_unset
4200940c T cmd_uname
420095a6 T nsh_dumpbuffer
420096a6 T cmd_xd
42009712 T cmd_hexdump
42009830 T nsh_catfile
420099cc T nsh_readfile
42009ac8 T nsh_foreach_direntry
42009b72 T nsh_trimdir
42009baa T nsh_trimspaces
42009bf4 T nsh_builtin
42009cf2 T cmd_df
42009d3a T cmd_mount
42009f0a T cmd_umount
42009f78 T cmd_printf
4200a0b2 t expression
4200a436 T cmd_test
4200a43e T cmd_lbracket
4200a4a0 T exec_builtin
4200a578 T fs_initialize
4200a57a t files_extend
4200a608 T files_initlist
4200a626 T files_releaselist
4200a69c T files_allocate
4200a7e8 T files_duplist
4200a888 T fs_getfilep
4200a90a T nx_dup2
4200a9d2 T nx_close
4200aa64 T close
4200aa8a T inode_initialize
4200aa8c T inode_semtake
4200aaee T inode_semgive
4200ab54 t inode_alloc.isra.0
4200aba0 T inode_root_reserve
4200abbe T inode_reserve
4200ac8a T inode_nextname
4200acae T inode_search
4200adce T file_close
4200ae2e T file_dup2
4200aee4 T file_vioctl
4200afac T file_ioctl
4200afca T ioctl
4200b01a T mkdir
4200b0f8 T inode_checkflags
4200b11a t file_vopen
4200b212 t nx_vopen
4200b260 T nx_open
4200b27e T open
4200b2b4 T file_read
4200b2e6 T nx_read
4200b30c T read
4200b332 T rename
4200b5fa T rmdir
4200b6cc T inode_stat
4200b79e T nx_stat
4200b836 T stat
4200b85e T lstat
4200b886 T nx_unlink
4200b976 T unlink
4200b99e T file_write
4200b9ba T nx_write
4200b9e6 T write
4200ba0c T file_truncate
4200ba42 T ftruncate
4200ba9c T fs_fdopen
4200bba8 T register_driver
4200bbfa T closedir
4200bc78 T opendir
4200bd92 T readdir
4200be9c T nx_mount
4200bfca T mount
4200bff0 T nx_umount2
4200c0f4 T umount2
4200c11a t procfs_ioctl
4200c11e t procfs_bind
4200c122 t procfs_unbind
4200c126 t procfs_statfs
4200c15a t procfs_open
4200c1fa t procfs_stat
4200c2d2 t procfs_readdir
4200c4fa t procfs_opendir
4200c622 t procfs_rewinddir
4200c656 t procfs_enum
4200c68e t procfs_fstat
4200c6de t procfs_dup
4200c6fe t procfs_write
4200c724 t procfs_read
4200c744 t procfs_closedir
4200c776 t procfs_close
4200c7a4 T procfs_memcpy
4200c7f6 T procfs_snprintf
4200c824 t proc_findnode
4200c8a6 t proc_stat
4200c95a t proc_readdir
4200ca0e t proc_opendir
4200cb0a t proc_open
4200cbb8 t proc_rewinddir
4200cbda t proc_closedir
4200cc0a t proc_close
4200cc38 t proc_dup
4200cc84 t proc_read
4200d2e4 t uptime_stat
4200d30a t uptime_read
4200d3ac t uptime_open
4200d3d8 t uptime_dup
4200d420 t uptime_close
4200d44e t meminfo_stat
4200d474 t meminfo_read
4200d59c t memdump_read
4200d64a t meminfo_open
4200d66c t memdump_write
4200d6cc t meminfo_dup
4200d718 t meminfo_close
4200d746 T procfs_register_meminfo
4200d756 t version_stat
4200d77c t version_read
4200d810 t version_open
4200d83e t version_dup
4200d88a t version_close
4200d8b8 T inode_addref
4200d8e8 T inode_find
4200d930 T inode_getpath
4200d986 T inode_release
4200d9fe T inode_unlink
4200da6c T inode_remove
4200daae T find_blockdriver
4200db3e T find_mtddriver
4200db42 t mount_stat
4200db68 t mount_read
4200dbe8 t mount_sprintf
4200dc34 t usage_entry
4200dd84 t blocks_entry
4200de18 t mount_open
4200de9a t mount_dup
4200dee6 t mount_entry
4200df34 t mount_close
4200df62 T fs_gettype
4200df84 T inode_free
4200dfa4 t mountpoint_filter
4200e054 T foreach_mountpoint
4200e06e t foreach_inodelevel
4200e0fe T foreach_inode
4200e15a T binfmt_initialize
4200e15c t builtin_loadbinary
4200e1a4 T builtin_initialize
4200e1ae T register_binfmt
4200e1dc T getenv
4200e236 T pthread_detach
4200e2a0 T pthread_destroyjoin
4200e2fc T pthread_completejoin
4200e3b8 T pthread_findjoininfo
4200e3e0 T nxsched_get_files
4200e3f2 T nxsched_add_readytorun
4200e46e T nxsched_remove_readytorun
4200e4b8 T nxsched_add_prioritized
4200e518 T nxsched_merge_pending
4200e598 T nxsched_add_blocked
4200e5ee T nxsched_remove_blocked
4200e632 T nxsched_get_streams
4200e658 T nxsched_set_param
4200e69e T sched_setparam
4200e6c4 T nxsched_set_priority
4200e7aa T nxsched_get_param
4200e7fc T sched_getparam
4200e822 T nxsched_foreach
4200e87a T nxsched_self
4200e884 T nxsched_get_stackinfo
4200e8e6 T nx_waitpid
4200e98a T waitpid
4200e9b0 T nxsched_resume_scheduler
4200e9b2 T nxsched_process_timer
4200e9ea T nxsem_reset
4200ea64 T nxsig_kill
4200eab2 T kill
4200ead8 T nxsig_usleep
4200eb0a T nxtask_exit
4200eb70 T task_getgroup
4200eb82 T nxtask_terminate
4200ec08 t nxtask_spawn_exec
4200ec8a t nxtask_spawn_proxy
4200ecdc T task_spawn
4200ede4 T group_add_waiter
4200ee0a T group_del_waiter
4200ee3e T nxsched_process_roundrobin
4200ee94 T nxsig_nanosleep
4200ef28 T clock_nanosleep
4200ef92 T spawn_semtake
4200ef96 T spawn_execattrs
4200effe T spawn_proxyattrs
4200f0a2 T nxsched_set_scheduler
4200f11c t nxsig_timeout
4200f140 T nxsig_timedwait
4200f2b6 T nx_vsyslog
4200f2d6 t syslogstream_putc
4200f30e T syslogstream_create
4200f33e T syslog_putc
4200f396 T syslog_flush
4200f3b8 t syslog_default_putc
4200f3be t syslog_default_write
4200f406 T boardctl
4200f46e T builtin_isavail
4200f4a0 T builtin_for_index
4200f4be T iscntrl
4200f4d2 T isspace
4200f4e6 T isxdigit
4200f502 T tolower
4200f512 T basename
4200f57c T dirname
4200f5f8 T getumask
4200f608 T uname
4200f6a4 t fnmatch_one.isra.0
4200f7c8 T fnmatch
4200f826 T pthread_attr_init
4200f84a T pthread_attr_setschedpolicy
4200f866 T pthread_attr_setschedparam
4200f87a t pthread_startup
4200f898 T pthread_create
4200f8ac T pthread_exit
4200f8bc T dq_addlast
4200f8d2 T sched_get_priority_max
4200f8f4 T sched_get_priority_min
4200f914 T clock_ticks2time
4200f936 T clock_timespec_subtract
4200f978 T sigemptyset
4200f980 T posix_spawn_file_actions_addopen
4200fa0c T posix_spawn_file_actions_destroy
4200fa44 T posix_spawn_file_actions_init
4200fa4c T posix_spawnattr_init
4200faa8 T posix_spawnattr_setflags
4200fad4 T posix_spawnattr_setschedparam
4200fafe T posix_spawnattr_setschedpolicy
4200fb26 T task_spawnattr_setstacksize
4200fb42 T asprintf
4200fb5e T snprintf
4200fb98 T vasprintf
4200fc18 T vsnprintf
4200fc4c T lib_mode2oflags
4200fd3c T fdopen
4200fd76 T fopen
4200fdd2 T fclose
4200feb8 T fseek
4200fec0 T fseeko
4200ff1a T ftell
4200ff26 T ftello
4200ffa8 T fgets
4200ffb6 t consume_eol
4200fff0 T lib_fgets
420100a4 T fwrite
420100ca T lib_fwrite
42010196 T fflush
420101ca T lib_rdflush
42010228 T lib_wrflush
42010248 T fputs
420102c4 T fprintf
420102e0 T vfprintf
42010318 T atoi
4201031e T strtol
420103b2 T strtoul
42010486 T lib_checkbase
42010514 t nulloutstream_putc
42010532 T lib_nulloutstream
4201054c t stdoutstream_flush
4201056c t stdoutstream_putc
420105c0 T lib_stdoutstream
420105f4 T lib_isbasedigit
4201065e T lib_skipspace
42010684 T strcat
420106bc T strcspn
420106f4 T strdup
42010722 T strerror
42010764 T strrchr
42010796 T task_get_info
420107a6 T tls_destruct
42010812 T getopt
4201081a T getoptargp
42010826 T getoptindp
42010834 T sleep
42010878 T usleep
420108b0 T gethostname
420108dc T chdir
42010978 T truncate
420109c8 T builtin_getname
420109da T add_file_action
420109f4 T fgetc
42010a14 T fputc
42010a5c T realpath
42010bd2 t getopt_long_option
42010cdc T getopt_common
42010ed0 T getoptvars
42010ef2 T getcwd
42010f76 T lib_fread
420110b4 t memdump_handler
42011184 T mm_memdump
4201122c T up_reprioritize_rtr
420112de T hello_main
420112f6 T MEMS_app_main
4201135a T sh_main
4201135c T nsh_system
42011392 T file_seek
42011416 T nx_seek
42011456 T lseek
4201147e T board_app_initialize
42011480 T esp32c3_bringup
42011526 T board_spidev_initialize
42011592 t pthread_start
42011636 T nx_pthread_create
42011882 T nx_pthread_exit
420118ec T nxsched_get_scheduler
42011926 T sched_getscheduler
4201194c T group_bind
4201197a T group_join
420119aa T mkrd
42011a0c t ism330dhcx_read_register
42011a70 t ism330dhcx_write_register
42011ace t ism330dhcx_write
42011ad4 t ism330dhcx_ioctl
42011af8 t ism330dhcx_open
42011b7e t ism330dhcx_close
42011b9c t ism330dhcx_read
42011dac T ism330dhcx_register
42011ea6 T ism330dhcx_init
420120da t spidrvr_read
420120de t spidrvr_write
420120e2 t spidrvr_close
42012154 t spidrvr_open
420121b2 t spidrvr_ioctl
4201224a t spidrvr_unlink
420122ac T spi_register
42012332 t rd_write
42012394 t rd_unlink
420123d8 t rd_ioctl
42012406 t rd_geometry
42012448 t rd_open
42012480 t rd_read
420124da t rd_close
4201252c T ramdisk_register
420125c0 T spi_transfer
42012692 T printf
420126c4 T puts
42012738 t esp32c3_spi_exchange
4201288e t esp32c3_spi_send
4201290c t esp32c3_spi_setbits
4201293e t esp32c3_spi_setfrequency
42012a30 t esp32c3_spi_select
42012a7a t esp32c3_spi_lock
42012a86 t esp32c3_spi_setmode
42012b2e T esp32c3_spibus_initialize
42012ca4 T esp32c3_spibus_uninitialize
42012d1e T up_mdelay
42012d4a T register_blockdriver
42012d9c T esp32c3_spi2_status
42012da0 T _etext
50000000 A _srtcheap
50001fff A _ertcheap
